Archive member included to satisfy reference by file (symbol)

/usr/lib/gcc/arm-none-eabi/4.9.3/../../../arm-none-eabi/lib/armv6-m/libc_nano.a(lib_a-atexit.o)
                              /usr/lib/gcc/arm-none-eabi/4.9.3/../../../arm-none-eabi/lib/armv6-m/crt0.o (atexit)
/usr/lib/gcc/arm-none-eabi/4.9.3/../../../arm-none-eabi/lib/armv6-m/libc_nano.a(lib_a-exit.o)
                              /usr/lib/gcc/arm-none-eabi/4.9.3/../../../arm-none-eabi/lib/armv6-m/crt0.o (exit)
/usr/lib/gcc/arm-none-eabi/4.9.3/../../../arm-none-eabi/lib/armv6-m/libc_nano.a(lib_a-fini.o)
                              /usr/lib/gcc/arm-none-eabi/4.9.3/../../../arm-none-eabi/lib/armv6-m/crt0.o (__libc_fini_array)
/usr/lib/gcc/arm-none-eabi/4.9.3/../../../arm-none-eabi/lib/armv6-m/libc_nano.a(lib_a-impure.o)
                              /usr/lib/gcc/arm-none-eabi/4.9.3/../../../arm-none-eabi/lib/armv6-m/libc_nano.a(lib_a-exit.o) (_global_impure_ptr)
/usr/lib/gcc/arm-none-eabi/4.9.3/../../../arm-none-eabi/lib/armv6-m/libc_nano.a(lib_a-init.o)
                              /usr/lib/gcc/arm-none-eabi/4.9.3/../../../arm-none-eabi/lib/armv6-m/crt0.o (__libc_init_array)
/usr/lib/gcc/arm-none-eabi/4.9.3/../../../arm-none-eabi/lib/armv6-m/libc_nano.a(lib_a-memset.o)
                              /usr/lib/gcc/arm-none-eabi/4.9.3/../../../arm-none-eabi/lib/armv6-m/crt0.o (memset)
/usr/lib/gcc/arm-none-eabi/4.9.3/../../../arm-none-eabi/lib/armv6-m/libc_nano.a(lib_a-__atexit.o)
                              /usr/lib/gcc/arm-none-eabi/4.9.3/../../../arm-none-eabi/lib/armv6-m/libc_nano.a(lib_a-atexit.o) (__register_exitproc)
/usr/lib/gcc/arm-none-eabi/4.9.3/../../../arm-none-eabi/lib/armv6-m/libc_nano.a(lib_a-__call_atexit.o)
                              /usr/lib/gcc/arm-none-eabi/4.9.3/../../../arm-none-eabi/lib/armv6-m/libc_nano.a(lib_a-__atexit.o) (__call_exitprocs)
/usr/lib/gcc/arm-none-eabi/4.9.3/../../../arm-none-eabi/lib/armv6-m/libnosys.a(_exit.o)
                              /usr/lib/gcc/arm-none-eabi/4.9.3/../../../arm-none-eabi/lib/armv6-m/libc_nano.a(lib_a-exit.o) (_exit)
/usr/lib/gcc/arm-none-eabi/4.9.3/armv6-m/libgcc.a(_udivsi3.o)
                              build/main.o (__aeabi_uidiv)
/usr/lib/gcc/arm-none-eabi/4.9.3/armv6-m/libgcc.a(_dvmd_tls.o)
                              /usr/lib/gcc/arm-none-eabi/4.9.3/armv6-m/libgcc.a(_udivsi3.o) (__aeabi_idiv0)
/usr/lib/gcc/arm-none-eabi/4.9.3/armv6-m/libgcc.a(_aeabi_uldivmod.o)
                              build/stm32l0xx_hal_uart.o (__aeabi_uldivmod)
/usr/lib/gcc/arm-none-eabi/4.9.3/armv6-m/libgcc.a(bpabi.o)
                              /usr/lib/gcc/arm-none-eabi/4.9.3/armv6-m/libgcc.a(_aeabi_uldivmod.o) (__gnu_uldivmod_helper)
/usr/lib/gcc/arm-none-eabi/4.9.3/armv6-m/libgcc.a(_muldi3.o)
                              /usr/lib/gcc/arm-none-eabi/4.9.3/armv6-m/libgcc.a(bpabi.o) (__aeabi_lmul)
/usr/lib/gcc/arm-none-eabi/4.9.3/armv6-m/libgcc.a(_divdi3.o)
                              /usr/lib/gcc/arm-none-eabi/4.9.3/armv6-m/libgcc.a(bpabi.o) (__divdi3)
/usr/lib/gcc/arm-none-eabi/4.9.3/armv6-m/libgcc.a(_udivdi3.o)
                              /usr/lib/gcc/arm-none-eabi/4.9.3/armv6-m/libgcc.a(bpabi.o) (__udivdi3)
/usr/lib/gcc/arm-none-eabi/4.9.3/armv6-m/libgcc.a(_clzdi2.o)
                              /usr/lib/gcc/arm-none-eabi/4.9.3/armv6-m/libgcc.a(_divdi3.o) (__clzdi2)
/usr/lib/gcc/arm-none-eabi/4.9.3/armv6-m/libgcc.a(_clzsi2.o)
                              /usr/lib/gcc/arm-none-eabi/4.9.3/armv6-m/libgcc.a(_clzdi2.o) (__clzsi2)

Allocating common symbols
Common symbol       size              file

hspi2               0x58              build/spi.o
hi2c2               0x4c              build/i2c.o
uwTick              0x4               build/stm32l0xx_hal.o
pFlash              0x18              build/stm32l0xx_hal_flash.o
htim22              0x38              build/tim.o
huart1              0x70              build/usart.o
hrtc                0x24              build/rtc.o
htim6               0x38              build/tim.o
hspi1               0x58              build/spi.o
htim2               0x38              build/tim.o
huart2              0x70              build/usart.o
htim21              0x38              build/tim.o

Discarded input sections

 .text          0x0000000000000000        0x0 /usr/lib/gcc/arm-none-eabi/4.9.3/armv6-m/crti.o
 .data          0x0000000000000000        0x0 /usr/lib/gcc/arm-none-eabi/4.9.3/armv6-m/crti.o
 .bss           0x0000000000000000        0x0 /usr/lib/gcc/arm-none-eabi/4.9.3/armv6-m/crti.o
 .data          0x0000000000000000        0x4 /usr/lib/gcc/arm-none-eabi/4.9.3/armv6-m/crtbegin.o
 .text          0x0000000000000000       0x6c /usr/lib/gcc/arm-none-eabi/4.9.3/../../../arm-none-eabi/lib/armv6-m/crt0.o
 .data          0x0000000000000000        0x0 /usr/lib/gcc/arm-none-eabi/4.9.3/../../../arm-none-eabi/lib/armv6-m/crt0.o
 .bss           0x0000000000000000        0x0 /usr/lib/gcc/arm-none-eabi/4.9.3/../../../arm-none-eabi/lib/armv6-m/crt0.o
[...]
Memory Configuration

Name             Origin             Length             Attributes
RAM              0x0000000020000000 0x0000000000002000 xrw
FLASH            0x0000000008000000 0x0000000000008000 xr
*default*        0x0000000000000000 0xffffffffffffffff

Linker script and memory map

LOAD /usr/lib/gcc/arm-none-eabi/4.9.3/armv6-m/crti.o
LOAD /usr/lib/gcc/arm-none-eabi/4.9.3/armv6-m/crtbegin.o
LOAD /usr/lib/gcc/arm-none-eabi/4.9.3/../../../arm-none-eabi/lib/armv6-m/crt0.o
LOAD build/main.o
LOAD build/gpio.o
LOAD build/i2c.o
LOAD build/rtc.o
LOAD build/spi.o
LOAD build/tim.o
LOAD build/usart.o
LOAD build/stm32l0xx_it.o
LOAD build/stm32l0xx_hal_msp.o
LOAD build/stm32l0xx_hal_i2c.o
LOAD build/stm32l0xx_hal_i2c_ex.o
LOAD build/stm32l0xx_hal_rtc.o
LOAD build/stm32l0xx_hal_rtc_ex.o
LOAD build/stm32l0xx_hal_spi.o
LOAD build/stm32l0xx_hal_tim.o
LOAD build/stm32l0xx_hal_tim_ex.o
LOAD build/stm32l0xx_hal_uart.o
LOAD build/stm32l0xx_hal_uart_ex.o
LOAD build/stm32l0xx_hal.o
LOAD build/stm32l0xx_hal_rcc.o
LOAD build/stm32l0xx_hal_rcc_ex.o
LOAD build/stm32l0xx_hal_flash_ramfunc.o
LOAD build/stm32l0xx_hal_flash.o
LOAD build/stm32l0xx_hal_flash_ex.o
LOAD build/stm32l0xx_hal_gpio.o
LOAD build/stm32l0xx_hal_dma.o
LOAD build/stm32l0xx_hal_pwr.o
LOAD build/stm32l0xx_hal_pwr_ex.o
LOAD build/stm32l0xx_hal_cortex.o
LOAD build/system_stm32l0xx.o
LOAD build/startup_stm32l051xx.o
LOAD /usr/lib/gcc/arm-none-eabi/4.9.3/../../../arm-none-eabi/lib/armv6-m/libc_nano.a
LOAD /usr/lib/gcc/arm-none-eabi/4.9.3/../../../arm-none-eabi/lib/armv6-m/libm.a
LOAD /usr/lib/gcc/arm-none-eabi/4.9.3/../../../arm-none-eabi/lib/armv6-m/libnosys.a
START GROUP
LOAD /usr/lib/gcc/arm-none-eabi/4.9.3/armv6-m/libgcc.a
LOAD /usr/lib/gcc/arm-none-eabi/4.9.3/../../../arm-none-eabi/lib/armv6-m/libc_nano.a
END GROUP
START GROUP
LOAD /usr/lib/gcc/arm-none-eabi/4.9.3/armv6-m/libgcc.a
LOAD /usr/lib/gcc/arm-none-eabi/4.9.3/../../../arm-none-eabi/lib/armv6-m/libc_nano.a
END GROUP
LOAD /usr/lib/gcc/arm-none-eabi/4.9.3/armv6-m/crtend.o
LOAD /usr/lib/gcc/arm-none-eabi/4.9.3/armv6-m/crtn.o
                0x0000000020002000                _estack = 0x20002000
                0x0000000000000200                _Min_Heap_Size = 0x200
                0x0000000000000400                _Min_Stack_Size = 0x400

.isr_vector     0x0000000008000000       0xc0
                0x0000000008000000                . = ALIGN (0x4)
 *(.isr_vector)
 .isr_vector    0x0000000008000000       0xc0 build/startup_stm32l051xx.o
                0x0000000008000000                g_pfnVectors
                0x00000000080000c0                . = ALIGN (0x4)

.text           0x00000000080000c0     0x2d60
                0x00000000080000c0                . = ALIGN (0x4)
 *(.text)
 .text          0x00000000080000c0       0xb4 /usr/lib/gcc/arm-none-eabi/4.9.3/armv6-m/crtbegin.o
 .text          0x0000000008000174      0x120 /usr/lib/gcc/arm-none-eabi/4.9.3/armv6-m/libgcc.a(_udivsi3.o)
                0x0000000008000174                __udivsi3
                0x0000000008000174                __aeabi_uidiv
                0x0000000008000280                __aeabi_uidivmod
 .text          0x0000000008000294        0x4 /usr/lib/gcc/arm-none-eabi/4.9.3/armv6-m/libgcc.a(_dvmd_tls.o)
                0x0000000008000294                __aeabi_ldiv0
                0x0000000008000294                __aeabi_idiv0
 .text          0x0000000008000298       0x40 /usr/lib/gcc/arm-none-eabi/4.9.3/armv6-m/libgcc.a(_aeabi_uldivmod.o)
                0x0000000008000298                __aeabi_uldivmod
 .text          0x00000000080002d8       0x6c /usr/lib/gcc/arm-none-eabi/4.9.3/armv6-m/libgcc.a(bpabi.o)
                0x00000000080002d8                __gnu_ldivmod_helper
                0x0000000008000310                __gnu_uldivmod_helper
 .text          0x0000000008000344       0x54 /usr/lib/gcc/arm-none-eabi/4.9.3/armv6-m/libgcc.a(_muldi3.o)
                0x0000000008000344                __aeabi_lmul
                0x0000000008000344                __muldi3
 .text          0x0000000008000398      0x1f0 /usr/lib/gcc/arm-none-eabi/4.9.3/armv6-m/libgcc.a(_divdi3.o)
                0x0000000008000398                __divdi3
 .text          0x0000000008000588      0x158 /usr/lib/gcc/arm-none-eabi/4.9.3/armv6-m/libgcc.a(_udivdi3.o)
                0x0000000008000588                __udivdi3
 .text          0x00000000080006e0       0x18 /usr/lib/gcc/arm-none-eabi/4.9.3/armv6-m/libgcc.a(_clzdi2.o)
                0x00000000080006e0                __clzdi2
 .text          0x00000000080006f8       0x3c /usr/lib/gcc/arm-none-eabi/4.9.3/armv6-m/libgcc.a(_clzsi2.o)
                0x00000000080006f8                __clzsi2
 *(.text*)
 .text._Error_Handler
                0x0000000008000734        0x4 build/main.o
                0x0000000008000734                _Error_Handler
 .text.SystemClock_Config
                0x0000000008000738       0xc0 build/main.o
                0x0000000008000738                SystemClock_Config
 .text.main     0x00000000080007f8       0x38 build/main.o
                0x00000000080007f8                main
 .text.MX_GPIO_Init
                0x0000000008000830       0x78 build/gpio.o
                0x0000000008000830                MX_GPIO_Init
 .text.MX_I2C2_Init
                0x00000000080008a8       0x68 build/i2c.o
                0x00000000080008a8                MX_I2C2_Init
 .text.HAL_I2C_MspInit
                0x0000000008000910       0x48 build/i2c.o
                0x0000000008000910                HAL_I2C_MspInit
 .text.MX_RTC_Init
                0x0000000008000958       0x84 build/rtc.o
                0x0000000008000958                MX_RTC_Init
 .text.HAL_RTC_MspInit
                0x00000000080009dc       0x20 build/rtc.o
                0x00000000080009dc                HAL_RTC_MspInit
 .text.MX_SPI1_Init
                0x00000000080009fc       0x48 build/spi.o
                0x00000000080009fc                MX_SPI1_Init
 .text.MX_SPI2_Init
                0x0000000008000a44       0x48 build/spi.o
                0x0000000008000a44                MX_SPI2_Init
 .text.HAL_SPI_MspInit
                0x0000000008000a8c       0x78 build/spi.o
                0x0000000008000a8c                HAL_SPI_MspInit
 .text.MX_TIM6_Init
                0x0000000008000b04       0x4c build/tim.o
                0x0000000008000b04                MX_TIM6_Init
 .text.MX_TIM21_Init
                0x0000000008000b50       0x68 build/tim.o
                0x0000000008000b50                MX_TIM21_Init
 .text.HAL_TIM_Base_MspInit
                0x0000000008000bb8       0x5c build/tim.o
                0x0000000008000bb8                HAL_TIM_Base_MspInit
 .text.HAL_TIM_MspPostInit
                0x0000000008000c14       0x58 build/tim.o
                0x0000000008000c14                HAL_TIM_MspPostInit
 .text.MX_TIM2_Init
                0x0000000008000c6c       0xcc build/tim.o
                0x0000000008000c6c                MX_TIM2_Init
 .text.MX_TIM22_Init
                0x0000000008000d38       0xb8 build/tim.o
                0x0000000008000d38                MX_TIM22_Init
 .text.MX_USART1_UART_Init
                0x0000000008000df0       0x40 build/usart.o
                0x0000000008000df0                MX_USART1_UART_Init
 .text.MX_USART2_UART_Init
                0x0000000008000e30       0x40 build/usart.o
                0x0000000008000e30                MX_USART2_UART_Init
 .text.HAL_UART_MspInit
                0x0000000008000e70       0x7c build/usart.o
                0x0000000008000e70                HAL_UART_MspInit
 .text.NMI_Handler
                0x0000000008000eec        0x4 build/stm32l0xx_it.o
                0x0000000008000eec                NMI_Handler
 .text.HardFault_Handler
                0x0000000008000ef0        0x4 build/stm32l0xx_it.o
                0x0000000008000ef0                HardFault_Handler
 .text.SVC_Handler
                0x0000000008000ef4        0x4 build/stm32l0xx_it.o
                0x0000000008000ef4                SVC_Handler
 .text.PendSV_Handler
                0x0000000008000ef8        0x4 build/stm32l0xx_it.o
                0x0000000008000ef8                PendSV_Handler
 .text.SysTick_Handler
                0x0000000008000efc        0xc build/stm32l0xx_it.o
                0x0000000008000efc                SysTick_Handler
 .text.HAL_MspInit
                0x0000000008000f08       0x40 build/stm32l0xx_hal_msp.o
                0x0000000008000f08                HAL_MspInit
 .text.HAL_I2C_Init
                0x0000000008000f48       0xc8 build/stm32l0xx_hal_i2c.o
                0x0000000008000f48                HAL_I2C_Init
 .text.HAL_I2CEx_ConfigAnalogFilter
                0x0000000008001010       0x58 build/stm32l0xx_hal_i2c_ex.o
                0x0000000008001010                HAL_I2CEx_ConfigAnalogFilter
 .text.HAL_I2CEx_ConfigDigitalFilter
                0x0000000008001068       0x54 build/stm32l0xx_hal_i2c_ex.o
                0x0000000008001068                HAL_I2CEx_ConfigDigitalFilter
 .text.HAL_RTC_WaitForSynchro
                0x00000000080010bc       0x34 build/stm32l0xx_hal_rtc.o
                0x00000000080010bc                HAL_RTC_WaitForSynchro
 .text.RTC_EnterInitMode
                0x00000000080010f0       0x3c build/stm32l0xx_hal_rtc.o
                0x00000000080010f0                RTC_EnterInitMode
 .text.HAL_RTC_Init
                0x000000000800112c       0xac build/stm32l0xx_hal_rtc.o
                0x000000000800112c                HAL_RTC_Init
 .text.RTC_ByteToBcd2
                0x00000000080011d8       0x18 build/stm32l0xx_hal_rtc.o
                0x00000000080011d8                RTC_ByteToBcd2
 .text.HAL_RTC_SetTime
                0x00000000080011f0      0x10c build/stm32l0xx_hal_rtc.o
                0x00000000080011f0                HAL_RTC_SetTime
 .text.HAL_RTC_SetDate
                0x00000000080012fc       0xec build/stm32l0xx_hal_rtc.o
                0x00000000080012fc                HAL_RTC_SetDate
 .text.HAL_SPI_Init
                0x00000000080013e8       0x88 build/stm32l0xx_hal_spi.o
                0x00000000080013e8                HAL_SPI_Init
 .text.TIM_Base_SetConfig
                0x0000000008001470       0x7c build/stm32l0xx_hal_tim.o
 .text.TIM_OC1_SetConfig
                0x00000000080014ec       0x2c build/stm32l0xx_hal_tim.o
 .text.TIM_OC2_SetConfig
                0x0000000008001518       0x34 build/stm32l0xx_hal_tim.o
 .text.TIM_OC3_SetConfig
                0x000000000800154c       0x38 build/stm32l0xx_hal_tim.o
 .text.TIM_OC4_SetConfig
                0x0000000008001584       0x3c build/stm32l0xx_hal_tim.o
 .text.TIM_TI1_ConfigInputStage
                0x00000000080015c0       0x24 build/stm32l0xx_hal_tim.o
 .text.TIM_TI2_ConfigInputStage
                0x00000000080015e4       0x28 build/stm32l0xx_hal_tim.o
 .text.TIM_ITRx_SetConfig
                0x000000000800160c       0x10 build/stm32l0xx_hal_tim.o
 .text.TIM_ETR_SetConfig
                0x000000000800161c       0x18 build/stm32l0xx_hal_tim.o
 .text.HAL_TIM_Base_Init
                0x0000000008001634       0x34 build/stm32l0xx_hal_tim.o
                0x0000000008001634                HAL_TIM_Base_Init
 .text.HAL_TIM_PWM_MspInit
                0x0000000008001668        0x4 build/stm32l0xx_hal_tim.o
                0x0000000008001668                HAL_TIM_PWM_MspInit
 .text.HAL_TIM_PWM_Init
                0x000000000800166c       0x34 build/stm32l0xx_hal_tim.o
                0x000000000800166c                HAL_TIM_PWM_Init
 .text.HAL_TIM_PWM_ConfigChannel
                0x00000000080016a0       0xf0 build/stm32l0xx_hal_tim.o
                0x00000000080016a0                HAL_TIM_PWM_ConfigChannel
 .text.HAL_TIM_ConfigClockSource
                0x0000000008001790      0x120 build/stm32l0xx_hal_tim.o
                0x0000000008001790                HAL_TIM_ConfigClockSource
 .text.HAL_TIMEx_MasterConfigSynchronization
                0x00000000080018b0       0x4c build/stm32l0xx_hal_tim_ex.o
                0x00000000080018b0                HAL_TIMEx_MasterConfigSynchronization
 .text.UART_SetConfig
                0x00000000080018fc      0x33c build/stm32l0xx_hal_uart.o
                0x00000000080018fc                UART_SetConfig
 .text.UART_AdvFeatureConfig
                0x0000000008001c38       0xe0 build/stm32l0xx_hal_uart.o
                0x0000000008001c38                UART_AdvFeatureConfig
 .text.UART_WaitOnFlagUntilTimeout
                0x0000000008001d18       0x6c build/stm32l0xx_hal_uart.o
                0x0000000008001d18                UART_WaitOnFlagUntilTimeout
 .text.UART_CheckIdleState
                0x0000000008001d84       0x70 build/stm32l0xx_hal_uart.o
                0x0000000008001d84                UART_CheckIdleState
 .text.HAL_UART_Init
                0x0000000008001df4       0x70 build/stm32l0xx_hal_uart.o
                0x0000000008001df4                HAL_UART_Init
 .text.HAL_InitTick
                0x0000000008001e64       0x28 build/stm32l0xx_hal.o
                0x0000000008001e64                HAL_InitTick
 .text.HAL_Init
                0x0000000008001e8c       0x20 build/stm32l0xx_hal.o
                0x0000000008001e8c                HAL_Init
 .text.HAL_IncTick
                0x0000000008001eac       0x10 build/stm32l0xx_hal.o
                0x0000000008001eac                HAL_IncTick
 .text.HAL_GetTick
                0x0000000008001ebc        0xc build/stm32l0xx_hal.o
                0x0000000008001ebc                HAL_GetTick
 .text.RCC_SetFlashLatencyFromMSIRange
                0x0000000008001ec8       0x88 build/stm32l0xx_hal_rcc.o
 .text.HAL_RCC_OscConfig
                0x0000000008001f50      0x530 build/stm32l0xx_hal_rcc.o
                0x0000000008001f50                HAL_RCC_OscConfig
 .text.HAL_RCC_GetSysClockFreq
                0x0000000008002480       0x90 build/stm32l0xx_hal_rcc.o
                0x0000000008002480                HAL_RCC_GetSysClockFreq
 .text.HAL_RCC_ClockConfig
                0x0000000008002510      0x1b0 build/stm32l0xx_hal_rcc.o
                0x0000000008002510                HAL_RCC_ClockConfig
 .text.HAL_RCC_GetHCLKFreq
                0x00000000080026c0        0xc build/stm32l0xx_hal_rcc.o
                0x00000000080026c0                HAL_RCC_GetHCLKFreq
 .text.HAL_RCC_GetPCLK1Freq
                0x00000000080026cc       0x20 build/stm32l0xx_hal_rcc.o
                0x00000000080026cc                HAL_RCC_GetPCLK1Freq
 .text.HAL_RCC_GetPCLK2Freq
                0x00000000080026ec       0x20 build/stm32l0xx_hal_rcc.o
                0x00000000080026ec                HAL_RCC_GetPCLK2Freq
 .text.HAL_RCCEx_PeriphCLKConfig
                0x000000000800270c      0x1b4 build/stm32l0xx_hal_rcc_ex.o
                0x000000000800270c                HAL_RCCEx_PeriphCLKConfig
 .text.HAL_RCCEx_GetPeriphCLKFreq
                0x00000000080028c0      0x1dc build/stm32l0xx_hal_rcc_ex.o
                0x00000000080028c0                HAL_RCCEx_GetPeriphCLKFreq
 .text.HAL_GPIO_Init
                0x0000000008002a9c      0x19c build/stm32l0xx_hal_gpio.o
                0x0000000008002a9c                HAL_GPIO_Init
 .text.HAL_GPIO_WritePin
                0x0000000008002c38        0xc build/stm32l0xx_hal_gpio.o
                0x0000000008002c38                HAL_GPIO_WritePin
 .text.HAL_NVIC_SetPriority
                0x0000000008002c44       0x64 build/stm32l0xx_hal_cortex.o
                0x0000000008002c44                HAL_NVIC_SetPriority
 .text.HAL_SYSTICK_Config
                0x0000000008002ca8       0x38 build/stm32l0xx_hal_cortex.o
                0x0000000008002ca8                HAL_SYSTICK_Config
 .text.HAL_SYSTICK_CLKSourceConfig
                0x0000000008002ce0       0x20 build/stm32l0xx_hal_cortex.o
                0x0000000008002ce0                HAL_SYSTICK_CLKSourceConfig
 .text.HAL_SYSTICK_Callback
                0x0000000008002d00        0x4 build/stm32l0xx_hal_cortex.o
                0x0000000008002d00                HAL_SYSTICK_Callback
 .text.HAL_SYSTICK_IRQHandler
                0x0000000008002d04        0x8 build/stm32l0xx_hal_cortex.o
                0x0000000008002d04                HAL_SYSTICK_IRQHandler
 .text.SystemInit
                0x0000000008002d0c       0x5c build/system_stm32l0xx.o
                0x0000000008002d0c                SystemInit
 .text.Reset_Handler
                0x0000000008002d68       0x50 build/startup_stm32l051xx.o
                0x0000000008002d68                Reset_Handler
 .text.Default_Handler
                0x0000000008002db8        0x2 build/startup_stm32l051xx.o
                0x0000000008002db8                ADC1_COMP_IRQHandler
                0x0000000008002db8                TIM6_IRQHandler
                0x0000000008002db8                PVD_IRQHandler
                0x0000000008002db8                I2C1_IRQHandler
                0x0000000008002db8                SPI1_IRQHandler
                0x0000000008002db8                EXTI2_3_IRQHandler
                0x0000000008002db8                I2C2_IRQHandler
                0x0000000008002db8                RTC_IRQHandler
                0x0000000008002db8                DMA1_Channel4_5_6_7_IRQHandler
                0x0000000008002db8                EXTI4_15_IRQHandler
                0x0000000008002db8                RCC_IRQHandler
                0x0000000008002db8                DMA1_Channel1_IRQHandler
                0x0000000008002db8                Default_Handler
                0x0000000008002db8                TIM22_IRQHandler
                0x0000000008002db8                EXTI0_1_IRQHandler
                0x0000000008002db8                SPI2_IRQHandler
                0x0000000008002db8                TIM21_IRQHandler
                0x0000000008002db8                WWDG_IRQHandler
                0x0000000008002db8                LPUART1_IRQHandler
                0x0000000008002db8                TIM2_IRQHandler
                0x0000000008002db8                DMA1_Channel2_3_IRQHandler
                0x0000000008002db8                USART2_IRQHandler
                0x0000000008002db8                FLASH_IRQHandler
                0x0000000008002db8                USART1_IRQHandler
                0x0000000008002db8                LPTIM1_IRQHandler
 *fill*         0x0000000008002dba        0x2 
 .text.__libc_init_array
                0x0000000008002dbc       0x4c /usr/lib/gcc/arm-none-eabi/4.9.3/../../../arm-none-eabi/lib/armv6-m/libc_nano.a(lib_a-init.o)
                0x0000000008002dbc                __libc_init_array
 *(.glue_7)
 .glue_7        0x0000000008002e08        0x0 linker stubs
 *(.glue_7t)
 .glue_7t       0x0000000008002e08        0x0 linker stubs
 *(.eh_frame)
 .eh_frame      0x0000000008002e08        0x0 /usr/lib/gcc/arm-none-eabi/4.9.3/armv6-m/crtbegin.o
 *(.init)
 .init          0x0000000008002e08        0x4 /usr/lib/gcc/arm-none-eabi/4.9.3/armv6-m/crti.o
                0x0000000008002e08                _init
 .init          0x0000000008002e0c        0x8 /usr/lib/gcc/arm-none-eabi/4.9.3/armv6-m/crtn.o
 *(.fini)
 .fini          0x0000000008002e14        0x4 /usr/lib/gcc/arm-none-eabi/4.9.3/armv6-m/crti.o
                0x0000000008002e14                _fini
 .fini          0x0000000008002e18        0x8 /usr/lib/gcc/arm-none-eabi/4.9.3/armv6-m/crtn.o
                0x0000000008002e20                . = ALIGN (0x4)
                0x0000000008002e20                _etext = .

.vfp11_veneer   0x0000000008002e20        0x0
 .vfp11_veneer  0x0000000008002e20        0x0 linker stubs

.v4_bx          0x0000000008002e20        0x0
 .v4_bx         0x0000000008002e20        0x0 linker stubs

.iplt           0x0000000008002e20        0x0
 .iplt          0x0000000008002e20        0x0 /usr/lib/gcc/arm-none-eabi/4.9.3/armv6-m/crtbegin.o

.rodata         0x0000000008002e20      0x138
                0x0000000008002e20                . = ALIGN (0x4)
 *(.rodata)
 *(.rodata*)
 .rodata.str1.4
                0x0000000008002e20        0xb build/main.o
 *fill*         0x0000000008002e2b        0x1 
 .rodata.str1.4
                0x0000000008002e2c        0xa build/i2c.o
 *fill*         0x0000000008002e36        0x2 
 .rodata.str1.4
                0x0000000008002e38        0xa build/rtc.o
 *fill*         0x0000000008002e42        0x2 
 .rodata.str1.4
                0x0000000008002e44        0xa build/spi.o
 *fill*         0x0000000008002e4e        0x2 
 .rodata.str1.4
                0x0000000008002e50        0xa build/tim.o
 *fill*         0x0000000008002e5a        0x2 
 .rodata.str1.4
                0x0000000008002e5c        0xc build/usart.o
 .rodata.UART_SetConfig
                0x0000000008002e68       0x48 build/stm32l0xx_hal_uart.o
 .rodata.HAL_RCCEx_GetPeriphCLKFreq
                0x0000000008002eb0       0x84 build/stm32l0xx_hal_rcc_ex.o
 .rodata.AHBPrescTable
                0x0000000008002f34       0x10 build/system_stm32l0xx.o
                0x0000000008002f34                AHBPrescTable
 .rodata.APBPrescTable
                0x0000000008002f44        0x8 build/system_stm32l0xx.o
                0x0000000008002f44                APBPrescTable
 .rodata.PLLMulTable
                0x0000000008002f4c        0x9 build/system_stm32l0xx.o
                0x0000000008002f4c                PLLMulTable
                0x0000000008002f58                . = ALIGN (0x4)
 *fill*         0x0000000008002f55        0x3 

.ARM.extab
 *(.ARM.extab* .gnu.linkonce.armextab.*)

.ARM            0x0000000008002f58        0x8
                0x0000000008002f58                __exidx_start = .
 *(.ARM.exidx*)
 .ARM.exidx     0x0000000008002f58        0x8 /usr/lib/gcc/arm-none-eabi/4.9.3/armv6-m/libgcc.a(_divdi3.o)
 .ARM.exidx     0x0000000008002f60        0x0 /usr/lib/gcc/arm-none-eabi/4.9.3/armv6-m/libgcc.a(_udivdi3.o)
                                          0x8 (size before relaxing)
                0x0000000008002f60                __exidx_end = .

.rel.dyn        0x0000000008002f60        0x0
 .rel.iplt      0x0000000008002f60        0x0 /usr/lib/gcc/arm-none-eabi/4.9.3/armv6-m/crtbegin.o

.preinit_array  0x0000000008002f60        0x0
                0x0000000008002f60                PROVIDE (__preinit_array_start, .)
 *(.preinit_array*)
                0x0000000008002f60                PROVIDE (__preinit_array_end, .)

.init_array     0x0000000008002f60        0x4
                0x0000000008002f60                PROVIDE (__init_array_start, .)
 *(SORT(.init_array.*))
 *(.init_array*)
 .init_array    0x0000000008002f60        0x4 /usr/lib/gcc/arm-none-eabi/4.9.3/armv6-m/crtbegin.o
                0x0000000008002f64                PROVIDE (__init_array_end, .)

.fini_array     0x0000000008002f64        0x4
                0x0000000008002f64                PROVIDE (__fini_array_start, .)
 *(SORT(.fini_array.*))
 *(.fini_array*)
 .fini_array    0x0000000008002f64        0x4 /usr/lib/gcc/arm-none-eabi/4.9.3/armv6-m/crtbegin.o
                0x0000000008002f68                PROVIDE (__fini_array_end, .)
                0x0000000008002f68                _sidata = LOADADDR (.data)

.data           0x0000000020000000        0x4 load address 0x0000000008002f68
                0x0000000020000000                . = ALIGN (0x4)
                0x0000000020000000                _sdata = .
 *(.data)
 *(.data*)
 .data.SystemCoreClock
                0x0000000020000000        0x4 build/system_stm32l0xx.o
                0x0000000020000000                SystemCoreClock
                0x0000000020000004                . = ALIGN (0x4)
                0x0000000020000004                _edata = .

.jcr            0x0000000020000004        0x0 load address 0x0000000008002f6c
 .jcr           0x0000000020000004        0x0 /usr/lib/gcc/arm-none-eabi/4.9.3/armv6-m/crtbegin.o

.tm_clone_table
                0x0000000020000004        0x0 load address 0x0000000008002f6c
 .tm_clone_table
                0x0000000020000004        0x0 /usr/lib/gcc/arm-none-eabi/4.9.3/armv6-m/crtbegin.o
 .tm_clone_table
                0x0000000020000004        0x0 /usr/lib/gcc/arm-none-eabi/4.9.3/armv6-m/crtend.o

.igot.plt       0x0000000020000004        0x0 load address 0x0000000008002f6c
 .igot.plt      0x0000000020000004        0x0 /usr/lib/gcc/arm-none-eabi/4.9.3/armv6-m/crtbegin.o
                0x0000000020000004                . = ALIGN (0x4)

.bss            0x0000000020000004      0x300 load address 0x0000000008002f6c
                0x0000000020000004                _sbss = .
                0x0000000020000004                __bss_start__ = _sbss
 *(.bss)
 .bss           0x0000000020000004       0x1c /usr/lib/gcc/arm-none-eabi/4.9.3/armv6-m/crtbegin.o
 *(.bss*)
 *(COMMON)
 COMMON         0x0000000020000020       0x4c build/i2c.o
                0x0000000020000020                hi2c2
 COMMON         0x000000002000006c       0x24 build/rtc.o
                0x000000002000006c                hrtc
 COMMON         0x0000000020000090       0xb0 build/spi.o
                0x0000000020000090                hspi2
                0x00000000200000e8                hspi1
 COMMON         0x0000000020000140       0xe0 build/tim.o
                0x0000000020000140                htim22
                0x0000000020000178                htim6
                0x00000000200001b0                htim2
                0x00000000200001e8                htim21
 COMMON         0x0000000020000220       0xe0 build/usart.o
                0x0000000020000220                huart1
                0x0000000020000290                huart2
 COMMON         0x0000000020000300        0x4 build/stm32l0xx_hal.o
                0x0000000020000300                uwTick
                0x0000000020000304                . = ALIGN (0x4)
                0x0000000020000304                _ebss = .
                0x0000000020000304                __bss_end__ = _ebss

._user_heap_stack
                0x0000000020000304      0x604 load address 0x0000000008002f6c
                0x0000000020000308                . = ALIGN (0x8)
 *fill*         0x0000000020000304        0x4 
                [!provide]                        PROVIDE (end, .)
                [!provide]                        PROVIDE (_end, .)
                0x0000000020000508                . = (. + _Min_Heap_Size)
 *fill*         0x0000000020000308      0x200 
                0x0000000020000908                . = (. + _Min_Stack_Size)
 *fill*         0x0000000020000508      0x400 
                0x0000000020000908                . = ALIGN (0x8)

/DISCARD/
 libc.a(*)
 libm.a(*)
 libgcc.a(*)

.ARM.attributes
                0x0000000000000000       0x28
 *(.ARM.attributes)
 .ARM.attributes
                0x0000000000000000       0x1e /usr/lib/gcc/arm-none-eabi/4.9.3/armv6-m/crti.o
 .ARM.attributes
                0x000000000000001e       0x2c /usr/lib/gcc/arm-none-eabi/4.9.3/armv6-m/crtbegin.o
 .ARM.attributes
                0x000000000000004a       0x32 build/main.o
 .ARM.attributes
                0x000000000000007c       0x32 build/gpio.o
 .ARM.attributes
                0x00000000000000ae       0x32 build/i2c.o
 .ARM.attributes
                0x00000000000000e0       0x32 build/rtc.o
 .ARM.attributes
                0x0000000000000112       0x32 build/spi.o
 .ARM.attributes
                0x0000000000000144       0x32 build/tim.o
 .ARM.attributes
                0x0000000000000176       0x32 build/usart.o
 .ARM.attributes
                0x00000000000001a8       0x32 build/stm32l0xx_it.o
 .ARM.attributes
                0x00000000000001da       0x32 build/stm32l0xx_hal_msp.o
 .ARM.attributes
                0x000000000000020c       0x32 build/stm32l0xx_hal_i2c.o
 .ARM.attributes
                0x000000000000023e       0x32 build/stm32l0xx_hal_i2c_ex.o
 .ARM.attributes
                0x0000000000000270       0x32 build/stm32l0xx_hal_rtc.o
 .ARM.attributes
                0x00000000000002a2       0x32 build/stm32l0xx_hal_spi.o
 .ARM.attributes
                0x00000000000002d4       0x32 build/stm32l0xx_hal_tim.o
 .ARM.attributes
                0x0000000000000306       0x32 build/stm32l0xx_hal_tim_ex.o
 .ARM.attributes
                0x0000000000000338       0x32 build/stm32l0xx_hal_uart.o
 .ARM.attributes
                0x000000000000036a       0x32 build/stm32l0xx_hal.o
 .ARM.attributes
                0x000000000000039c       0x32 build/stm32l0xx_hal_rcc.o
 .ARM.attributes
                0x00000000000003ce       0x32 build/stm32l0xx_hal_rcc_ex.o
 .ARM.attributes
                0x0000000000000400       0x32 build/stm32l0xx_hal_gpio.o
 .ARM.attributes
                0x0000000000000432       0x32 build/stm32l0xx_hal_cortex.o
 .ARM.attributes
                0x0000000000000464       0x32 build/system_stm32l0xx.o
 .ARM.attributes
                0x0000000000000496       0x22 build/startup_stm32l051xx.o
 .ARM.attributes
                0x00000000000004b8       0x2c /usr/lib/gcc/arm-none-eabi/4.9.3/../../../arm-none-eabi/lib/armv6-m/libc_nano.a(lib_a-init.o)
 .ARM.attributes
                0x00000000000004e4       0x1e /usr/lib/gcc/arm-none-eabi/4.9.3/armv6-m/libgcc.a(_udivsi3.o)
 .ARM.attributes
                0x0000000000000502       0x1e /usr/lib/gcc/arm-none-eabi/4.9.3/armv6-m/libgcc.a(_dvmd_tls.o)
 .ARM.attributes
                0x0000000000000520       0x1e /usr/lib/gcc/arm-none-eabi/4.9.3/armv6-m/libgcc.a(_aeabi_uldivmod.o)
 .ARM.attributes
                0x000000000000053e       0x2c /usr/lib/gcc/arm-none-eabi/4.9.3/armv6-m/libgcc.a(bpabi.o)
 .ARM.attributes
                0x000000000000056a       0x2c /usr/lib/gcc/arm-none-eabi/4.9.3/armv6-m/libgcc.a(_muldi3.o)
 .ARM.attributes
                0x0000000000000596       0x2c /usr/lib/gcc/arm-none-eabi/4.9.3/armv6-m/libgcc.a(_divdi3.o)
 .ARM.attributes
                0x00000000000005c2       0x2c /usr/lib/gcc/arm-none-eabi/4.9.3/armv6-m/libgcc.a(_udivdi3.o)
 .ARM.attributes
                0x00000000000005ee       0x1e /usr/lib/gcc/arm-none-eabi/4.9.3/armv6-m/libgcc.a(_clzdi2.o)
 .ARM.attributes
                0x000000000000060c       0x1e /usr/lib/gcc/arm-none-eabi/4.9.3/armv6-m/libgcc.a(_clzsi2.o)
 .ARM.attributes
                0x000000000000062a       0x2c /usr/lib/gcc/arm-none-eabi/4.9.3/armv6-m/crtend.o
 .ARM.attributes
                0x0000000000000656       0x1e /usr/lib/gcc/arm-none-eabi/4.9.3/armv6-m/crtn.o
OUTPUT(build/dive_comp_00_01.elf elf32-littlearm)

.comment        0x0000000000000000       0x70
 .comment       0x0000000000000000       0x38 /usr/lib/gcc/arm-none-eabi/4.9.3/armv6-m/crtbegin.o
                                         0x39 (size before relaxing)
 .comment       0x0000000000000038       0x39 build/main.o
 .comment       0x0000000000000038       0x39 build/gpio.o
 .comment       0x0000000000000038       0x39 build/i2c.o
 .comment       0x0000000000000038       0x39 build/rtc.o
 .comment       0x0000000000000038       0x39 build/spi.o
 .comment       0x0000000000000038       0x39 build/tim.o
 .comment       0x0000000000000038       0x39 build/usart.o
 .comment       0x0000000000000038       0x39 build/stm32l0xx_it.o
 .comment       0x0000000000000038       0x39 build/stm32l0xx_hal_msp.o
 .comment       0x0000000000000038       0x39 build/stm32l0xx_hal_i2c.o
 .comment       0x0000000000000038       0x39 build/stm32l0xx_hal_i2c_ex.o
 .comment       0x0000000000000038       0x39 build/stm32l0xx_hal_rtc.o
 .comment       0x0000000000000038       0x39 build/stm32l0xx_hal_spi.o
 .comment       0x0000000000000038       0x39 build/stm32l0xx_hal_tim.o
 .comment       0x0000000000000038       0x39 build/stm32l0xx_hal_tim_ex.o
 .comment       0x0000000000000038       0x39 build/stm32l0xx_hal_uart.o
 .comment       0x0000000000000038       0x39 build/stm32l0xx_hal.o
 .comment       0x0000000000000038       0x39 build/stm32l0xx_hal_rcc.o
 .comment       0x0000000000000038       0x39 build/stm32l0xx_hal_rcc_ex.o
 .comment       0x0000000000000038       0x39 build/stm32l0xx_hal_gpio.o
 .comment       0x0000000000000038       0x39 build/stm32l0xx_hal_cortex.o
 .comment       0x0000000000000038       0x39 build/system_stm32l0xx.o
 .comment       0x0000000000000038       0x38 /usr/lib/gcc/arm-none-eabi/4.9.3/../../../arm-none-eabi/lib/armv6-m/libc_nano.a(lib_a-init.o)
                                         0x39 (size before relaxing)
 .comment       0x0000000000000070       0x39 /usr/lib/gcc/arm-none-eabi/4.9.3/armv6-m/libgcc.a(bpabi.o)
 .comment       0x0000000000000070       0x39 /usr/lib/gcc/arm-none-eabi/4.9.3/armv6-m/libgcc.a(_muldi3.o)
 .comment       0x0000000000000070       0x39 /usr/lib/gcc/arm-none-eabi/4.9.3/armv6-m/libgcc.a(_divdi3.o)
 .comment       0x0000000000000070       0x39 /usr/lib/gcc/arm-none-eabi/4.9.3/armv6-m/libgcc.a(_udivdi3.o)
 .comment       0x0000000000000070       0x39 /usr/lib/gcc/arm-none-eabi/4.9.3/armv6-m/crtend.o

.debug_info     0x0000000000000000    0x12f60
 .debug_info    0x0000000000000000      0x6b1 build/main.o
 .debug_info    0x00000000000006b1      0x450 build/gpio.o
 .debug_info    0x0000000000000b01      0xa5b build/i2c.o
 .debug_info    0x000000000000155c      0x778 build/rtc.o
 .debug_info    0x0000000000001cd4      0x9f1 build/spi.o
 .debug_info    0x00000000000026c5      0xfaf build/tim.o
 .debug_info    0x0000000000003674      0xa87 build/usart.o
 .debug_info    0x00000000000040fb      0x115 build/stm32l0xx_it.o
 .debug_info    0x0000000000004210      0x337 build/stm32l0xx_hal_msp.o
 .debug_info    0x0000000000004547     0x32f7 build/stm32l0xx_hal_i2c.o
 .debug_info    0x000000000000783e      0x8e9 build/stm32l0xx_hal_i2c_ex.o
 .debug_info    0x0000000000008127      0xdc6 build/stm32l0xx_hal_rtc.o
 .debug_info    0x0000000000008eed     0x1675 build/stm32l0xx_hal_spi.o
 .debug_info    0x000000000000a562     0x2f6d build/stm32l0xx_hal_tim.o
 .debug_info    0x000000000000d4cf      0x5fa build/stm32l0xx_hal_tim_ex.o
 .debug_info    0x000000000000dac9     0x1b77 build/stm32l0xx_hal_uart.o
 .debug_info    0x000000000000f640      0x807 build/stm32l0xx_hal.o
 .debug_info    0x000000000000fe47      0xb79 build/stm32l0xx_hal_rcc.o
 .debug_info    0x00000000000109c0      0x599 build/stm32l0xx_hal_rcc_ex.o
 .debug_info    0x0000000000010f59      0x69e build/stm32l0xx_hal_gpio.o
 .debug_info    0x00000000000115f7      0x915 build/stm32l0xx_hal_cortex.o
 .debug_info    0x0000000000011f0c      0x3b8 build/system_stm32l0xx.o
 .debug_info    0x00000000000122c4       0x7a build/startup_stm32l051xx.o
 .debug_info    0x000000000001233e      0x105 /usr/lib/gcc/arm-none-eabi/4.9.3/../../../arm-none-eabi/lib/armv6-m/libc_nano.a(lib_a-init.o)
 .debug_info    0x0000000000012443       0xb9 /usr/lib/gcc/arm-none-eabi/4.9.3/armv6-m/libgcc.a(_udivsi3.o)
 .debug_info    0x00000000000124fc       0xb9 /usr/lib/gcc/arm-none-eabi/4.9.3/armv6-m/libgcc.a(_dvmd_tls.o)
 .debug_info    0x00000000000125b5       0xb9 /usr/lib/gcc/arm-none-eabi/4.9.3/armv6-m/libgcc.a(_aeabi_uldivmod.o)
 .debug_info    0x000000000001266e      0x15e /usr/lib/gcc/arm-none-eabi/4.9.3/armv6-m/libgcc.a(bpabi.o)
 .debug_info    0x00000000000127cc      0x1fa /usr/lib/gcc/arm-none-eabi/4.9.3/armv6-m/libgcc.a(_muldi3.o)
 .debug_info    0x00000000000129c6      0x261 /usr/lib/gcc/arm-none-eabi/4.9.3/armv6-m/libgcc.a(_divdi3.o)
 .debug_info    0x0000000000012c27      0x1c7 /usr/lib/gcc/arm-none-eabi/4.9.3/armv6-m/libgcc.a(_udivdi3.o)
 .debug_info    0x0000000000012dee       0xb9 /usr/lib/gcc/arm-none-eabi/4.9.3/armv6-m/libgcc.a(_clzdi2.o)
 .debug_info    0x0000000000012ea7       0xb9 /usr/lib/gcc/arm-none-eabi/4.9.3/armv6-m/libgcc.a(_clzsi2.o)

.debug_abbrev   0x0000000000000000     0x2cc4
 .debug_abbrev  0x0000000000000000      0x1a3 build/main.o
 .debug_abbrev  0x00000000000001a3      0x146 build/gpio.o
 .debug_abbrev  0x00000000000002e9      0x1d3 build/i2c.o
 .debug_abbrev  0x00000000000004bc      0x169 build/rtc.o
 .debug_abbrev  0x0000000000000625      0x1b3 build/spi.o
 .debug_abbrev  0x00000000000007d8      0x22a build/tim.o
 .debug_abbrev  0x0000000000000a02      0x1b3 build/usart.o
 .debug_abbrev  0x0000000000000bb5       0x7a build/stm32l0xx_it.o
 .debug_abbrev  0x0000000000000c2f       0xe4 build/stm32l0xx_hal_msp.o
 .debug_abbrev  0x0000000000000d13      0x2a2 build/stm32l0xx_hal_i2c.o
 .debug_abbrev  0x0000000000000fb5      0x18f build/stm32l0xx_hal_i2c_ex.o
 .debug_abbrev  0x0000000000001144      0x207 build/stm32l0xx_hal_rtc.o
 .debug_abbrev  0x000000000000134b      0x276 build/stm32l0xx_hal_spi.o
 .debug_abbrev  0x00000000000015c1      0x279 build/stm32l0xx_hal_tim.o
 .debug_abbrev  0x000000000000183a      0x179 build/stm32l0xx_hal_tim_ex.o
 .debug_abbrev  0x00000000000019b3      0x2ae build/stm32l0xx_hal_uart.o
 .debug_abbrev  0x0000000000001c61      0x233 build/stm32l0xx_hal.o
 .debug_abbrev  0x0000000000001e94      0x27d build/stm32l0xx_hal_rcc.o
 .debug_abbrev  0x0000000000002111      0x1bf build/stm32l0xx_hal_rcc_ex.o
 .debug_abbrev  0x00000000000022d0      0x1fe build/stm32l0xx_hal_gpio.o
 .debug_abbrev  0x00000000000024ce      0x23f build/stm32l0xx_hal_cortex.o
 .debug_abbrev  0x000000000000270d       0xf2 build/system_stm32l0xx.o
 .debug_abbrev  0x00000000000027ff       0x12 build/startup_stm32l051xx.o
 .debug_abbrev  0x0000000000002811       0xba /usr/lib/gcc/arm-none-eabi/4.9.3/../../../arm-none-eabi/lib/armv6-m/libc_nano.a(lib_a-init.o)
 .debug_abbrev  0x00000000000028cb       0x14 /usr/lib/gcc/arm-none-eabi/4.9.3/armv6-m/libgcc.a(_udivsi3.o)
 .debug_abbrev  0x00000000000028df       0x14 /usr/lib/gcc/arm-none-eabi/4.9.3/armv6-m/libgcc.a(_dvmd_tls.o)
 .debug_abbrev  0x00000000000028f3       0x14 /usr/lib/gcc/arm-none-eabi/4.9.3/armv6-m/libgcc.a(_aeabi_uldivmod.o)
 .debug_abbrev  0x0000000000002907       0xb7 /usr/lib/gcc/arm-none-eabi/4.9.3/armv6-m/libgcc.a(bpabi.o)
 .debug_abbrev  0x00000000000029be       0xef /usr/lib/gcc/arm-none-eabi/4.9.3/armv6-m/libgcc.a(_muldi3.o)
 .debug_abbrev  0x0000000000002aad      0x128 /usr/lib/gcc/arm-none-eabi/4.9.3/armv6-m/libgcc.a(_divdi3.o)
 .debug_abbrev  0x0000000000002bd5       0xc7 /usr/lib/gcc/arm-none-eabi/4.9.3/armv6-m/libgcc.a(_udivdi3.o)
 .debug_abbrev  0x0000000000002c9c       0x14 /usr/lib/gcc/arm-none-eabi/4.9.3/armv6-m/libgcc.a(_clzdi2.o)
 .debug_abbrev  0x0000000000002cb0       0x14 /usr/lib/gcc/arm-none-eabi/4.9.3/armv6-m/libgcc.a(_clzsi2.o)

.debug_loc      0x0000000000000000     0xe02d
 .debug_loc     0x0000000000000000       0x4d build/main.o
 .debug_loc     0x000000000000004d       0x2c build/gpio.o
 .debug_loc     0x0000000000000079       0xae build/i2c.o
 .debug_loc     0x0000000000000127       0x2c build/rtc.o
 .debug_loc     0x0000000000000153      0x100 build/spi.o
 .debug_loc     0x0000000000000253      0x116 build/tim.o
 .debug_loc     0x0000000000000369      0x100 build/usart.o
 .debug_loc     0x0000000000000469       0x20 build/stm32l0xx_it.o
 .debug_loc     0x0000000000000489       0x20 build/stm32l0xx_hal_msp.o
 .debug_loc     0x00000000000004a9     0x3a79 build/stm32l0xx_hal_i2c.o
 .debug_loc     0x0000000000003f22      0x2c5 build/stm32l0xx_hal_i2c_ex.o
 .debug_loc     0x00000000000041e7      0xdab build/stm32l0xx_hal_rtc.o
 .debug_loc     0x0000000000004f92     0x12f7 build/stm32l0xx_hal_spi.o
 .debug_loc     0x0000000000006289     0x3ee9 build/stm32l0xx_hal_tim.o
 .debug_loc     0x000000000000a172       0x94 build/stm32l0xx_hal_tim_ex.o
 .debug_loc     0x000000000000a206     0x1c97 build/stm32l0xx_hal_uart.o
 .debug_loc     0x000000000000be9d      0x138 build/stm32l0xx_hal.o
 .debug_loc     0x000000000000bfd5      0x83f build/stm32l0xx_hal_rcc.o
 .debug_loc     0x000000000000c814      0x45a build/stm32l0xx_hal_rcc_ex.o
 .debug_loc     0x000000000000cc6e      0x328 build/stm32l0xx_hal_gpio.o
 .debug_loc     0x000000000000cf96      0x2c8 build/stm32l0xx_hal_cortex.o
 .debug_loc     0x000000000000d25e      0x168 build/system_stm32l0xx.o
 .debug_loc     0x000000000000d3c6       0x3c /usr/lib/gcc/arm-none-eabi/4.9.3/../../../arm-none-eabi/lib/armv6-m/libc_nano.a(lib_a-init.o)
 .debug_loc     0x000000000000d402       0xe0 /usr/lib/gcc/arm-none-eabi/4.9.3/armv6-m/libgcc.a(bpabi.o)
 .debug_loc     0x000000000000d4e2      0x191 /usr/lib/gcc/arm-none-eabi/4.9.3/armv6-m/libgcc.a(_muldi3.o)
 .debug_loc     0x000000000000d673      0x541 /usr/lib/gcc/arm-none-eabi/4.9.3/armv6-m/libgcc.a(_divdi3.o)
 .debug_loc     0x000000000000dbb4      0x479 /usr/lib/gcc/arm-none-eabi/4.9.3/armv6-m/libgcc.a(_udivdi3.o)

.debug_aranges  0x0000000000000000     0x1020
 .debug_aranges
                0x0000000000000000       0x30 build/main.o
 .debug_aranges
                0x0000000000000030       0x20 build/gpio.o
 .debug_aranges
                0x0000000000000050       0x30 build/i2c.o
 .debug_aranges
                0x0000000000000080       0x30 build/rtc.o
 .debug_aranges
                0x00000000000000b0       0x38 build/spi.o
 .debug_aranges
                0x00000000000000e8       0x50 build/tim.o
 .debug_aranges
                0x0000000000000138       0x38 build/usart.o
 .debug_aranges
                0x0000000000000170       0x40 build/stm32l0xx_it.o
 .debug_aranges
                0x00000000000001b0       0x20 build/stm32l0xx_hal_msp.o
 .debug_aranges
                0x00000000000001d0      0x260 build/stm32l0xx_hal_i2c.o
 .debug_aranges
                0x0000000000000430       0x48 build/stm32l0xx_hal_i2c_ex.o
 .debug_aranges
                0x0000000000000478       0xb8 build/stm32l0xx_hal_rtc.o
 .debug_aranges
                0x0000000000000530      0x150 build/stm32l0xx_hal_spi.o
 .debug_aranges
                0x0000000000000680      0x368 build/stm32l0xx_hal_tim.o
 .debug_aranges
                0x00000000000009e8       0x28 build/stm32l0xx_hal_tim_ex.o
 .debug_aranges
                0x0000000000000a10      0x1e8 build/stm32l0xx_hal_uart.o
 .debug_aranges
                0x0000000000000bf8       0xe0 build/stm32l0xx_hal.o
 .debug_aranges
                0x0000000000000cd8       0x88 build/stm32l0xx_hal_rcc.o
 .debug_aranges
                0x0000000000000d60       0x58 build/stm32l0xx_hal_rcc_ex.o
 .debug_aranges
                0x0000000000000db8       0x58 build/stm32l0xx_hal_gpio.o
 .debug_aranges
                0x0000000000000e10       0x80 build/stm32l0xx_hal_cortex.o
 .debug_aranges
                0x0000000000000e90       0x28 build/system_stm32l0xx.o
 .debug_aranges
                0x0000000000000eb8       0x28 build/startup_stm32l051xx.o
 .debug_aranges
                0x0000000000000ee0       0x20 /usr/lib/gcc/arm-none-eabi/4.9.3/../../../arm-none-eabi/lib/armv6-m/libc_nano.a(lib_a-init.o)
 .debug_aranges
                0x0000000000000f00       0x20 /usr/lib/gcc/arm-none-eabi/4.9.3/armv6-m/libgcc.a(_udivsi3.o)
 .debug_aranges
                0x0000000000000f20       0x20 /usr/lib/gcc/arm-none-eabi/4.9.3/armv6-m/libgcc.a(_dvmd_tls.o)
 .debug_aranges
                0x0000000000000f40       0x20 /usr/lib/gcc/arm-none-eabi/4.9.3/armv6-m/libgcc.a(_aeabi_uldivmod.o)
 .debug_aranges
                0x0000000000000f60       0x20 /usr/lib/gcc/arm-none-eabi/4.9.3/armv6-m/libgcc.a(bpabi.o)
 .debug_aranges
                0x0000000000000f80       0x20 /usr/lib/gcc/arm-none-eabi/4.9.3/armv6-m/libgcc.a(_muldi3.o)
 .debug_aranges
                0x0000000000000fa0       0x20 /usr/lib/gcc/arm-none-eabi/4.9.3/armv6-m/libgcc.a(_divdi3.o)
 .debug_aranges
                0x0000000000000fc0       0x20 /usr/lib/gcc/arm-none-eabi/4.9.3/armv6-m/libgcc.a(_udivdi3.o)
 .debug_aranges
                0x0000000000000fe0       0x20 /usr/lib/gcc/arm-none-eabi/4.9.3/armv6-m/libgcc.a(_clzdi2.o)
 .debug_aranges
                0x0000000000001000       0x20 /usr/lib/gcc/arm-none-eabi/4.9.3/armv6-m/libgcc.a(_clzsi2.o)

.debug_ranges   0x0000000000000000      0xe10
 .debug_ranges  0x0000000000000000       0x20 build/main.o
 .debug_ranges  0x0000000000000020       0x10 build/gpio.o
 .debug_ranges  0x0000000000000030       0x20 build/i2c.o
 .debug_ranges  0x0000000000000050       0x20 build/rtc.o
 .debug_ranges  0x0000000000000070       0x28 build/spi.o
 .debug_ranges  0x0000000000000098       0x40 build/tim.o
 .debug_ranges  0x00000000000000d8       0x28 build/usart.o
 .debug_ranges  0x0000000000000100       0x30 build/stm32l0xx_it.o
 .debug_ranges  0x0000000000000130       0x10 build/stm32l0xx_hal_msp.o
 .debug_ranges  0x0000000000000140      0x250 build/stm32l0xx_hal_i2c.o
 .debug_ranges  0x0000000000000390       0x38 build/stm32l0xx_hal_i2c_ex.o
 .debug_ranges  0x00000000000003c8       0xa8 build/stm32l0xx_hal_rtc.o
 .debug_ranges  0x0000000000000470      0x140 build/stm32l0xx_hal_spi.o
 .debug_ranges  0x00000000000005b0      0x358 build/stm32l0xx_hal_tim.o
 .debug_ranges  0x0000000000000908       0x18 build/stm32l0xx_hal_tim_ex.o
 .debug_ranges  0x0000000000000920      0x1d8 build/stm32l0xx_hal_uart.o
 .debug_ranges  0x0000000000000af8       0xd0 build/stm32l0xx_hal.o
 .debug_ranges  0x0000000000000bc8       0x90 build/stm32l0xx_hal_rcc.o
 .debug_ranges  0x0000000000000c58       0x60 build/stm32l0xx_hal_rcc_ex.o
 .debug_ranges  0x0000000000000cb8       0x48 build/stm32l0xx_hal_gpio.o
 .debug_ranges  0x0000000000000d00       0x70 build/stm32l0xx_hal_cortex.o
 .debug_ranges  0x0000000000000d70       0x18 build/system_stm32l0xx.o
 .debug_ranges  0x0000000000000d88       0x20 build/startup_stm32l051xx.o
 .debug_ranges  0x0000000000000da8       0x10 /usr/lib/gcc/arm-none-eabi/4.9.3/../../../arm-none-eabi/lib/armv6-m/libc_nano.a(lib_a-init.o)
 .debug_ranges  0x0000000000000db8       0x28 /usr/lib/gcc/arm-none-eabi/4.9.3/armv6-m/libgcc.a(_muldi3.o)
 .debug_ranges  0x0000000000000de0       0x18 /usr/lib/gcc/arm-none-eabi/4.9.3/armv6-m/libgcc.a(_divdi3.o)
 .debug_ranges  0x0000000000000df8       0x18 /usr/lib/gcc/arm-none-eabi/4.9.3/armv6-m/libgcc.a(_udivdi3.o)

.debug_line     0x0000000000000000     0x64b5
 .debug_line    0x0000000000000000      0x1f3 build/main.o
 .debug_line    0x00000000000001f3      0x112 build/gpio.o
 .debug_line    0x0000000000000305      0x1ad build/i2c.o
 .debug_line    0x00000000000004b2      0x163 build/rtc.o
 .debug_line    0x0000000000000615      0x1ba build/spi.o
 .debug_line    0x00000000000007cf      0x243 build/tim.o
 .debug_line    0x0000000000000a12      0x1bb build/usart.o
 .debug_line    0x0000000000000bcd       0xdb build/stm32l0xx_it.o
 .debug_line    0x0000000000000ca8      0x118 build/stm32l0xx_hal_msp.o
 .debug_line    0x0000000000000dc0     0x11ea build/stm32l0xx_hal_i2c.o
 .debug_line    0x0000000000001faa      0x294 build/stm32l0xx_hal_i2c_ex.o
 .debug_line    0x000000000000223e      0x505 build/stm32l0xx_hal_rtc.o
 .debug_line    0x0000000000002743      0x9a6 build/stm32l0xx_hal_spi.o
 .debug_line    0x00000000000030e9      0xebb build/stm32l0xx_hal_tim.o
 .debug_line    0x0000000000003fa4      0x1d9 build/stm32l0xx_hal_tim_ex.o
 .debug_line    0x000000000000417d      0xc5e build/stm32l0xx_hal_uart.o
 .debug_line    0x0000000000004ddb      0x343 build/stm32l0xx_hal.o
 .debug_line    0x000000000000511e      0x471 build/stm32l0xx_hal_rcc.o
 .debug_line    0x000000000000558f      0x31d build/stm32l0xx_hal_rcc_ex.o
 .debug_line    0x00000000000058ac      0x28d build/stm32l0xx_hal_gpio.o
 .debug_line    0x0000000000005b39      0x2da build/stm32l0xx_hal_cortex.o
 .debug_line    0x0000000000005e13      0x12e build/system_stm32l0xx.o
 .debug_line    0x0000000000005f41       0x78 build/startup_stm32l051xx.o
 .debug_line    0x0000000000005fb9       0xb5 /usr/lib/gcc/arm-none-eabi/4.9.3/../../../arm-none-eabi/lib/armv6-m/libc_nano.a(lib_a-init.o)
 .debug_line    0x000000000000606e       0x6c /usr/lib/gcc/arm-none-eabi/4.9.3/armv6-m/libgcc.a(_udivsi3.o)
 .debug_line    0x00000000000060da       0x5e /usr/lib/gcc/arm-none-eabi/4.9.3/armv6-m/libgcc.a(_dvmd_tls.o)
 .debug_line    0x0000000000006138       0x69 /usr/lib/gcc/arm-none-eabi/4.9.3/armv6-m/libgcc.a(_aeabi_uldivmod.o)
 .debug_line    0x00000000000061a1       0x68 /usr/lib/gcc/arm-none-eabi/4.9.3/armv6-m/libgcc.a(bpabi.o)
 .debug_line    0x0000000000006209       0x8d /usr/lib/gcc/arm-none-eabi/4.9.3/armv6-m/libgcc.a(_muldi3.o)
 .debug_line    0x0000000000006296       0xab /usr/lib/gcc/arm-none-eabi/4.9.3/armv6-m/libgcc.a(_divdi3.o)
 .debug_line    0x0000000000006341       0x9a /usr/lib/gcc/arm-none-eabi/4.9.3/armv6-m/libgcc.a(_udivdi3.o)
 .debug_line    0x00000000000063db       0x68 /usr/lib/gcc/arm-none-eabi/4.9.3/armv6-m/libgcc.a(_clzdi2.o)
 .debug_line    0x0000000000006443       0x72 /usr/lib/gcc/arm-none-eabi/4.9.3/armv6-m/libgcc.a(_clzsi2.o)

.debug_str      0x0000000000000000     0x4637
 .debug_str     0x0000000000000000      0x63a build/main.o
                                        0x67c (size before relaxing)
 .debug_str     0x000000000000063a      0x15b build/gpio.o
                                        0x2dd (size before relaxing)
 .debug_str     0x0000000000000795      0x4b1 build/i2c.o
                                        0x7f1 (size before relaxing)
 .debug_str     0x0000000000000c46      0x25c build/rtc.o
                                        0x50a (size before relaxing)
 .debug_str     0x0000000000000ea2      0x1eb build/spi.o
                                        0x6f6 (size before relaxing)
 .debug_str     0x000000000000108d      0x38d build/tim.o
                                        0x896 (size before relaxing)
 .debug_str     0x000000000000141a      0x26d build/usart.o
                                        0x7b1 (size before relaxing)
 .debug_str     0x0000000000001687       0x7f build/stm32l0xx_it.o
                                        0x1c6 (size before relaxing)
 .debug_str     0x0000000000001706       0x24 build/stm32l0xx_hal_msp.o
                                        0x3a6 (size before relaxing)
 .debug_str     0x000000000000172a      0x7c5 build/stm32l0xx_hal_i2c.o
                                        0xe4d (size before relaxing)
 .debug_str     0x0000000000001eef       0xdd build/stm32l0xx_hal_i2c_ex.o
                                        0x813 (size before relaxing)
 .debug_str     0x0000000000001fcc      0x21b build/stm32l0xx_hal_rtc.o
                                        0x69c (size before relaxing)
 .debug_str     0x00000000000021e7      0x369 build/stm32l0xx_hal_spi.o
                                        0x95b (size before relaxing)
 .debug_str     0x0000000000002550      0xbdf build/stm32l0xx_hal_tim.o
                                       0x12a8 (size before relaxing)
 .debug_str     0x000000000000312f       0x4e build/stm32l0xx_hal_tim_ex.o
                                        0x603 (size before relaxing)
 .debug_str     0x000000000000317d      0x719 build/stm32l0xx_hal_uart.o
                                        0xeac (size before relaxing)
 .debug_str     0x0000000000003896      0x2dc build/stm32l0xx_hal.o
                                        0x71c (size before relaxing)
 .debug_str     0x0000000000003b72      0x181 build/stm32l0xx_hal_rcc.o
                                        0x687 (size before relaxing)
 .debug_str     0x0000000000003cf3       0xf8 build/stm32l0xx_hal_rcc_ex.o
                                        0x4c9 (size before relaxing)
 .debug_str     0x0000000000003deb       0xc7 build/stm32l0xx_hal_gpio.o
                                        0x429 (size before relaxing)
 .debug_str     0x0000000000003eb2      0x271 build/stm32l0xx_hal_cortex.o
                                        0x68c (size before relaxing)
 .debug_str     0x0000000000004123       0x59 build/system_stm32l0xx.o
                                        0x2c5 (size before relaxing)
 .debug_str     0x000000000000417c      0x1a1 /usr/lib/gcc/arm-none-eabi/4.9.3/../../../arm-none-eabi/lib/armv6-m/libc_nano.a(lib_a-init.o)
                                        0x233 (size before relaxing)
 .debug_str     0x000000000000431d      0x1a8 /usr/lib/gcc/arm-none-eabi/4.9.3/armv6-m/libgcc.a(bpabi.o)
                                        0x1cd (size before relaxing)
 .debug_str     0x00000000000044c5       0x88 /usr/lib/gcc/arm-none-eabi/4.9.3/armv6-m/libgcc.a(_muldi3.o)
                                        0x25e (size before relaxing)
 .debug_str     0x000000000000454d       0xea /usr/lib/gcc/arm-none-eabi/4.9.3/armv6-m/libgcc.a(_divdi3.o)
                                        0x258 (size before relaxing)
 .debug_str     0x0000000000004637      0x235 /usr/lib/gcc/arm-none-eabi/4.9.3/armv6-m/libgcc.a(_udivdi3.o)

.debug_frame    0x0000000000000000     0x2b78
 .debug_frame   0x0000000000000000       0x58 build/main.o
 .debug_frame   0x0000000000000058       0x38 build/gpio.o
 .debug_frame   0x0000000000000090       0x64 build/i2c.o
 .debug_frame   0x00000000000000f4       0x4c build/rtc.o
 .debug_frame   0x0000000000000140       0x80 build/spi.o
 .debug_frame   0x00000000000001c0       0xbc build/tim.o
 .debug_frame   0x000000000000027c       0x80 build/usart.o
 .debug_frame   0x00000000000002fc       0x6c build/stm32l0xx_it.o
 .debug_frame   0x0000000000000368       0x2c build/stm32l0xx_hal_msp.o
 .debug_frame   0x0000000000000394      0x8a8 build/stm32l0xx_hal_i2c.o
 .debug_frame   0x0000000000000c3c       0xb8 build/stm32l0xx_hal_i2c_ex.o
 .debug_frame   0x0000000000000cf4      0x244 build/stm32l0xx_hal_rtc.o
 .debug_frame   0x0000000000000f38      0x404 build/stm32l0xx_hal_spi.o
 .debug_frame   0x000000000000133c      0xab8 build/stm32l0xx_hal_tim.o
 .debug_frame   0x0000000000001df4       0x44 build/stm32l0xx_hal_tim_ex.o
 .debug_frame   0x0000000000001e38      0x5dc build/stm32l0xx_hal_uart.o
 .debug_frame   0x0000000000002414      0x1d0 build/stm32l0xx_hal.o
 .debug_frame   0x00000000000025e4      0x170 build/stm32l0xx_hal_rcc.o
 .debug_frame   0x0000000000002754       0xb8 build/stm32l0xx_hal_rcc_ex.o
 .debug_frame   0x000000000000280c       0xe0 build/stm32l0xx_hal_gpio.o
 .debug_frame   0x00000000000028ec      0x108 build/stm32l0xx_hal_cortex.o
 .debug_frame   0x00000000000029f4       0x3c build/system_stm32l0xx.o
 .debug_frame   0x0000000000002a30       0x2c /usr/lib/gcc/arm-none-eabi/4.9.3/../../../arm-none-eabi/lib/armv6-m/libc_nano.a(lib_a-init.o)
 .debug_frame   0x0000000000002a5c       0x20 /usr/lib/gcc/arm-none-eabi/4.9.3/armv6-m/libgcc.a(_udivsi3.o)
 .debug_frame   0x0000000000002a7c       0x50 /usr/lib/gcc/arm-none-eabi/4.9.3/armv6-m/libgcc.a(bpabi.o)
 .debug_frame   0x0000000000002acc       0x34 /usr/lib/gcc/arm-none-eabi/4.9.3/armv6-m/libgcc.a(_muldi3.o)
 .debug_frame   0x0000000000002b00       0x3c /usr/lib/gcc/arm-none-eabi/4.9.3/armv6-m/libgcc.a(_divdi3.o)
 .debug_frame   0x0000000000002b3c       0x3c /usr/lib/gcc/arm-none-eabi/4.9.3/armv6-m/libgcc.a(_udivdi3.o)

Cross Reference Table

Symbol                                            File
ADC1_COMP_IRQHandler                              build/startup_stm32l051xx.o
AHBPrescTable                                     build/system_stm32l0xx.o
                                                  build/stm32l0xx_hal_rcc.o
APBPrescTable                                     build/system_stm32l0xx.o
                                                  build/stm32l0xx_hal_rcc.o
DMA1_Channel1_IRQHandler                          build/startup_stm32l051xx.o
DMA1_Channel2_3_IRQHandler                        build/startup_stm32l051xx.o
DMA1_Channel4_5_6_7_IRQHandler                    build/startup_stm32l051xx.o
Default_Handler                                   build/startup_stm32l051xx.o
EXTI0_1_IRQHandler                                build/startup_stm32l051xx.o
EXTI2_3_IRQHandler                                build/startup_stm32l051xx.o
EXTI4_15_IRQHandler                               build/startup_stm32l051xx.o
FLASH_IRQHandler                                  build/startup_stm32l051xx.o
FLASH_PageErase                                   build/stm32l0xx_hal_flash_ex.o
                                                  build/stm32l0xx_hal_flash.o
FLASH_WaitForLastOperation                        build/stm32l0xx_hal_flash.o
                                                  build/stm32l0xx_hal_flash_ex.o
HAL_DBGMCU_DBG_DisableLowPowerConfig              build/stm32l0xx_hal.o
HAL_DBGMCU_DBG_EnableLowPowerConfig               build/stm32l0xx_hal.o
HAL_DBGMCU_DisableDBGSleepMode                    build/stm32l0xx_hal.o
HAL_DBGMCU_DisableDBGStandbyMode                  build/stm32l0xx_hal.o
HAL_DBGMCU_DisableDBGStopMode                     build/stm32l0xx_hal.o
HAL_DBGMCU_EnableDBGSleepMode                     build/stm32l0xx_hal.o
HAL_DBGMCU_EnableDBGStandbyMode                   build/stm32l0xx_hal.o
HAL_DBGMCU_EnableDBGStopMode                      build/stm32l0xx_hal.o
HAL_DMA_Abort                                     build/stm32l0xx_hal_dma.o
                                                  build/stm32l0xx_hal_uart.o
                                                  build/stm32l0xx_hal_tim.o
                                                  build/stm32l0xx_hal_spi.o
HAL_DMA_Abort_IT                                  build/stm32l0xx_hal_dma.o
                                                  build/stm32l0xx_hal_uart.o
                                                  build/stm32l0xx_hal_i2c.o
HAL_DMA_DeInit                                    build/stm32l0xx_hal_dma.o
HAL_DMA_GetError                                  build/stm32l0xx_hal_dma.o
HAL_DMA_GetState                                  build/stm32l0xx_hal_dma.o
HAL_DMA_IRQHandler                                build/stm32l0xx_hal_dma.o
HAL_DMA_Init                                      build/stm32l0xx_hal_dma.o
HAL_DMA_PollForTransfer                           build/stm32l0xx_hal_dma.o
HAL_DMA_Start                                     build/stm32l0xx_hal_dma.o
HAL_DMA_Start_IT                                  build/stm32l0xx_hal_dma.o
                                                  build/stm32l0xx_hal_uart.o
                                                  build/stm32l0xx_hal_tim.o
                                                  build/stm32l0xx_hal_spi.o
                                                  build/stm32l0xx_hal_i2c.o
HAL_DeInit                                        build/stm32l0xx_hal.o
HAL_Delay                                         build/stm32l0xx_hal.o
HAL_FLASHEx_AdvOBGetConfig                        build/stm32l0xx_hal_flash_ex.o
HAL_FLASHEx_AdvOBProgram                          build/stm32l0xx_hal_flash_ex.o
HAL_FLASHEx_DATAEEPROM_DisableFixedTimeProgram    build/stm32l0xx_hal_flash_ex.o
HAL_FLASHEx_DATAEEPROM_EnableFixedTimeProgram     build/stm32l0xx_hal_flash_ex.o
HAL_FLASHEx_DATAEEPROM_Erase                      build/stm32l0xx_hal_flash_ex.o
HAL_FLASHEx_DATAEEPROM_Lock                       build/stm32l0xx_hal_flash_ex.o
HAL_FLASHEx_DATAEEPROM_Program                    build/stm32l0xx_hal_flash_ex.o
HAL_FLASHEx_DATAEEPROM_Unlock                     build/stm32l0xx_hal_flash_ex.o
HAL_FLASHEx_DisableRunPowerDown                   build/stm32l0xx_hal_flash_ramfunc.o
HAL_FLASHEx_EnableRunPowerDown                    build/stm32l0xx_hal_flash_ramfunc.o
HAL_FLASHEx_Erase                                 build/stm32l0xx_hal_flash_ex.o
HAL_FLASHEx_Erase_IT                              build/stm32l0xx_hal_flash_ex.o
HAL_FLASHEx_GetError                              build/stm32l0xx_hal_flash_ramfunc.o
HAL_FLASHEx_HalfPageProgram                       build/stm32l0xx_hal_flash_ramfunc.o
HAL_FLASHEx_OBGetConfig                           build/stm32l0xx_hal_flash_ex.o
HAL_FLASHEx_OBProgram                             build/stm32l0xx_hal_flash_ex.o
HAL_FLASHEx_OB_DeSelectPCROP                      build/stm32l0xx_hal_flash_ex.o
HAL_FLASHEx_OB_SelectPCROP                        build/stm32l0xx_hal_flash_ex.o
HAL_FLASH_EndOfOperationCallback                  build/stm32l0xx_hal_flash.o
HAL_FLASH_GetError                                build/stm32l0xx_hal_flash.o
HAL_FLASH_IRQHandler                              build/stm32l0xx_hal_flash.o
HAL_FLASH_Lock                                    build/stm32l0xx_hal_flash.o
HAL_FLASH_OB_Launch                               build/stm32l0xx_hal_flash.o
HAL_FLASH_OB_Lock                                 build/stm32l0xx_hal_flash.o
HAL_FLASH_OB_Unlock                               build/stm32l0xx_hal_flash.o
HAL_FLASH_OperationErrorCallback                  build/stm32l0xx_hal_flash.o
HAL_FLASH_Program                                 build/stm32l0xx_hal_flash.o
HAL_FLASH_Program_IT                              build/stm32l0xx_hal_flash.o
HAL_FLASH_Unlock                                  build/stm32l0xx_hal_flash.o
HAL_GPIO_DeInit                                   build/stm32l0xx_hal_gpio.o
                                                  build/usart.o
                                                  build/spi.o
                                                  build/i2c.o
HAL_GPIO_EXTI_Callback                            build/stm32l0xx_hal_gpio.o
HAL_GPIO_EXTI_IRQHandler                          build/stm32l0xx_hal_gpio.o
HAL_GPIO_Init                                     build/stm32l0xx_hal_gpio.o
                                                  build/stm32l0xx_hal_rcc.o
                                                  build/usart.o
                                                  build/tim.o
                                                  build/spi.o
                                                  build/i2c.o
                                                  build/gpio.o
HAL_GPIO_LockPin                                  build/stm32l0xx_hal_gpio.o
HAL_GPIO_ReadPin                                  build/stm32l0xx_hal_gpio.o
HAL_GPIO_TogglePin                                build/stm32l0xx_hal_gpio.o
HAL_GPIO_WritePin                                 build/stm32l0xx_hal_gpio.o
                                                  build/gpio.o
HAL_GetDEVID                                      build/stm32l0xx_hal.o
HAL_GetHalVersion                                 build/stm32l0xx_hal.o
HAL_GetREVID                                      build/stm32l0xx_hal.o
HAL_GetTick                                       build/stm32l0xx_hal.o
                                                  build/stm32l0xx_hal_dma.o
                                                  build/stm32l0xx_hal_flash.o
                                                  build/stm32l0xx_hal_rcc_ex.o
                                                  build/stm32l0xx_hal_rcc.o
                                                  build/stm32l0xx_hal_uart_ex.o
                                                  build/stm32l0xx_hal_uart.o
                                                  build/stm32l0xx_hal_spi.o
                                                  build/stm32l0xx_hal_rtc_ex.o
                                                  build/stm32l0xx_hal_rtc.o
                                                  build/stm32l0xx_hal_i2c.o
HAL_HalfDuplex_EnableReceiver                     build/stm32l0xx_hal_uart.o
HAL_HalfDuplex_EnableTransmitter                  build/stm32l0xx_hal_uart.o
HAL_HalfDuplex_Init                               build/stm32l0xx_hal_uart.o
HAL_I2CEx_ConfigAnalogFilter                      build/stm32l0xx_hal_i2c_ex.o
                                                  build/i2c.o
HAL_I2CEx_ConfigDigitalFilter                     build/stm32l0xx_hal_i2c_ex.o
                                                  build/i2c.o
HAL_I2CEx_DisableFastModePlus                     build/stm32l0xx_hal_i2c_ex.o
HAL_I2CEx_DisableWakeUp                           build/stm32l0xx_hal_i2c_ex.o
HAL_I2CEx_EnableFastModePlus                      build/stm32l0xx_hal_i2c_ex.o
HAL_I2CEx_EnableWakeUp                            build/stm32l0xx_hal_i2c_ex.o
HAL_I2C_AbortCpltCallback                         build/stm32l0xx_hal_i2c.o
HAL_I2C_AddrCallback                              build/stm32l0xx_hal_i2c.o
HAL_I2C_DeInit                                    build/stm32l0xx_hal_i2c.o
HAL_I2C_DisableListen_IT                          build/stm32l0xx_hal_i2c.o
HAL_I2C_ER_IRQHandler                             build/stm32l0xx_hal_i2c.o
HAL_I2C_EV_IRQHandler                             build/stm32l0xx_hal_i2c.o
HAL_I2C_EnableListen_IT                           build/stm32l0xx_hal_i2c.o
HAL_I2C_ErrorCallback                             build/stm32l0xx_hal_i2c.o
HAL_I2C_GetError                                  build/stm32l0xx_hal_i2c.o
HAL_I2C_GetMode                                   build/stm32l0xx_hal_i2c.o
HAL_I2C_GetState                                  build/stm32l0xx_hal_i2c.o
HAL_I2C_Init                                      build/stm32l0xx_hal_i2c.o
                                                  build/i2c.o
HAL_I2C_IsDeviceReady                             build/stm32l0xx_hal_i2c.o
HAL_I2C_ListenCpltCallback                        build/stm32l0xx_hal_i2c.o
HAL_I2C_MasterRxCpltCallback                      build/stm32l0xx_hal_i2c.o
HAL_I2C_MasterTxCpltCallback                      build/stm32l0xx_hal_i2c.o
HAL_I2C_Master_Abort_IT                           build/stm32l0xx_hal_i2c.o
HAL_I2C_Master_Receive                            build/stm32l0xx_hal_i2c.o
HAL_I2C_Master_Receive_DMA                        build/stm32l0xx_hal_i2c.o
HAL_I2C_Master_Receive_IT                         build/stm32l0xx_hal_i2c.o
HAL_I2C_Master_Sequential_Receive_IT              build/stm32l0xx_hal_i2c.o
HAL_I2C_Master_Sequential_Transmit_IT             build/stm32l0xx_hal_i2c.o
HAL_I2C_Master_Transmit                           build/stm32l0xx_hal_i2c.o
HAL_I2C_Master_Transmit_DMA                       build/stm32l0xx_hal_i2c.o
HAL_I2C_Master_Transmit_IT                        build/stm32l0xx_hal_i2c.o
HAL_I2C_MemRxCpltCallback                         build/stm32l0xx_hal_i2c.o
HAL_I2C_MemTxCpltCallback                         build/stm32l0xx_hal_i2c.o
HAL_I2C_Mem_Read                                  build/stm32l0xx_hal_i2c.o
HAL_I2C_Mem_Read_DMA                              build/stm32l0xx_hal_i2c.o
HAL_I2C_Mem_Read_IT                               build/stm32l0xx_hal_i2c.o
HAL_I2C_Mem_Write                                 build/stm32l0xx_hal_i2c.o
HAL_I2C_Mem_Write_DMA                             build/stm32l0xx_hal_i2c.o
HAL_I2C_Mem_Write_IT                              build/stm32l0xx_hal_i2c.o
HAL_I2C_MspDeInit                                 build/i2c.o
HAL_I2C_MspInit                                   build/i2c.o
HAL_I2C_SlaveRxCpltCallback                       build/stm32l0xx_hal_i2c.o
HAL_I2C_SlaveTxCpltCallback                       build/stm32l0xx_hal_i2c.o
HAL_I2C_Slave_Receive                             build/stm32l0xx_hal_i2c.o
HAL_I2C_Slave_Receive_DMA                         build/stm32l0xx_hal_i2c.o
HAL_I2C_Slave_Receive_IT                          build/stm32l0xx_hal_i2c.o
HAL_I2C_Slave_Sequential_Receive_IT               build/stm32l0xx_hal_i2c.o
HAL_I2C_Slave_Sequential_Transmit_IT              build/stm32l0xx_hal_i2c.o
HAL_I2C_Slave_Transmit                            build/stm32l0xx_hal_i2c.o
HAL_I2C_Slave_Transmit_DMA                        build/stm32l0xx_hal_i2c.o
HAL_I2C_Slave_Transmit_IT                         build/stm32l0xx_hal_i2c.o
HAL_IncTick                                       build/stm32l0xx_hal.o
                                                  build/stm32l0xx_it.o
HAL_Init                                          build/stm32l0xx_hal.o
                                                  build/main.o
HAL_InitTick                                      build/stm32l0xx_hal.o
                                                  build/stm32l0xx_hal_rcc.o
HAL_LIN_Init                                      build/stm32l0xx_hal_uart.o
HAL_LIN_SendBreak                                 build/stm32l0xx_hal_uart.o
HAL_MPU_ConfigRegion                              build/stm32l0xx_hal_cortex.o
HAL_MspDeInit                                     build/stm32l0xx_hal.o
HAL_MspInit                                       build/stm32l0xx_hal_msp.o
HAL_MultiProcessorEx_AddressLength_Set            build/stm32l0xx_hal_uart_ex.o
HAL_MultiProcessor_DisableMuteMode                build/stm32l0xx_hal_uart.o
HAL_MultiProcessor_EnableMuteMode                 build/stm32l0xx_hal_uart.o
HAL_MultiProcessor_EnterMuteMode                  build/stm32l0xx_hal_uart.o
HAL_MultiProcessor_Init                           build/stm32l0xx_hal_uart.o
HAL_NVIC_ClearPendingIRQ                          build/stm32l0xx_hal_cortex.o
HAL_NVIC_DisableIRQ                               build/stm32l0xx_hal_cortex.o
HAL_NVIC_EnableIRQ                                build/stm32l0xx_hal_cortex.o
HAL_NVIC_GetPendingIRQ                            build/stm32l0xx_hal_cortex.o
HAL_NVIC_GetPriority                              build/stm32l0xx_hal_cortex.o
HAL_NVIC_SetPendingIRQ                            build/stm32l0xx_hal_cortex.o
HAL_NVIC_SetPriority                              build/stm32l0xx_hal_cortex.o
                                                  build/stm32l0xx_hal.o
                                                  build/stm32l0xx_hal_msp.o
                                                  build/main.o
HAL_NVIC_SystemReset                              build/stm32l0xx_hal_cortex.o
HAL_PWREx_DisableFastWakeUp                       build/stm32l0xx_hal_pwr_ex.o
HAL_PWREx_DisableLowPowerRunMode                  build/stm32l0xx_hal_pwr_ex.o
HAL_PWREx_DisableUltraLowPower                    build/stm32l0xx_hal_pwr_ex.o
HAL_PWREx_EnableFastWakeUp                        build/stm32l0xx_hal_pwr_ex.o
HAL_PWREx_EnableLowPowerRunMode                   build/stm32l0xx_hal_pwr_ex.o
HAL_PWREx_EnableUltraLowPower                     build/stm32l0xx_hal_pwr_ex.o
HAL_PWREx_GetVoltageRange                         build/stm32l0xx_hal_pwr_ex.o
HAL_PWR_ConfigPVD                                 build/stm32l0xx_hal_pwr.o
HAL_PWR_DeInit                                    build/stm32l0xx_hal_pwr.o
HAL_PWR_DisableBkUpAccess                         build/stm32l0xx_hal_pwr.o
HAL_PWR_DisablePVD                                build/stm32l0xx_hal_pwr.o
HAL_PWR_DisableSEVOnPend                          build/stm32l0xx_hal_pwr.o
HAL_PWR_DisableSleepOnExit                        build/stm32l0xx_hal_pwr.o
HAL_PWR_DisableWakeUpPin                          build/stm32l0xx_hal_pwr.o
HAL_PWR_EnableBkUpAccess                          build/stm32l0xx_hal_pwr.o
HAL_PWR_EnablePVD                                 build/stm32l0xx_hal_pwr.o
HAL_PWR_EnableSEVOnPend                           build/stm32l0xx_hal_pwr.o
HAL_PWR_EnableSleepOnExit                         build/stm32l0xx_hal_pwr.o
HAL_PWR_EnableWakeUpPin                           build/stm32l0xx_hal_pwr.o
HAL_PWR_EnterSLEEPMode                            build/stm32l0xx_hal_pwr.o
HAL_PWR_EnterSTANDBYMode                          build/stm32l0xx_hal_pwr.o
HAL_PWR_EnterSTOPMode                             build/stm32l0xx_hal_pwr.o
HAL_PWR_PVDCallback                               build/stm32l0xx_hal_pwr.o
HAL_PWR_PVD_IRQHandler                            build/stm32l0xx_hal_pwr.o
HAL_RCCEx_DisableLSECSS                           build/stm32l0xx_hal_rcc_ex.o
HAL_RCCEx_EnableLSECSS                            build/stm32l0xx_hal_rcc_ex.o
HAL_RCCEx_EnableLSECSS_IT                         build/stm32l0xx_hal_rcc_ex.o
HAL_RCCEx_GetPeriphCLKConfig                      build/stm32l0xx_hal_rcc_ex.o
HAL_RCCEx_GetPeriphCLKFreq                        build/stm32l0xx_hal_rcc_ex.o
                                                  build/stm32l0xx_hal_uart.o
HAL_RCCEx_LSECSS_Callback                         build/stm32l0xx_hal_rcc_ex.o
HAL_RCCEx_LSECSS_IRQHandler                       build/stm32l0xx_hal_rcc_ex.o
HAL_RCCEx_PeriphCLKConfig                         build/stm32l0xx_hal_rcc_ex.o
                                                  build/main.o
HAL_RCC_CSSCallback                               build/stm32l0xx_hal_rcc.o
HAL_RCC_ClockConfig                               build/stm32l0xx_hal_rcc.o
                                                  build/main.o
HAL_RCC_DeInit                                    build/stm32l0xx_hal_rcc.o
HAL_RCC_EnableCSS                                 build/stm32l0xx_hal_rcc.o
HAL_RCC_GetClockConfig                            build/stm32l0xx_hal_rcc.o
HAL_RCC_GetHCLKFreq                               build/stm32l0xx_hal_rcc.o
                                                  build/main.o
HAL_RCC_GetOscConfig                              build/stm32l0xx_hal_rcc.o
HAL_RCC_GetPCLK1Freq                              build/stm32l0xx_hal_rcc.o
                                                  build/stm32l0xx_hal_rcc_ex.o
                                                  build/stm32l0xx_hal_uart.o
HAL_RCC_GetPCLK2Freq                              build/stm32l0xx_hal_rcc.o
                                                  build/stm32l0xx_hal_rcc_ex.o
                                                  build/stm32l0xx_hal_uart.o
HAL_RCC_GetSysClockFreq                           build/stm32l0xx_hal_rcc.o
                                                  build/stm32l0xx_hal_rcc_ex.o
                                                  build/stm32l0xx_hal_uart.o
HAL_RCC_MCOConfig                                 build/stm32l0xx_hal_rcc.o
HAL_RCC_NMI_IRQHandler                            build/stm32l0xx_hal_rcc.o
HAL_RCC_OscConfig                                 build/stm32l0xx_hal_rcc.o
                                                  build/main.o
HAL_RS485Ex_Init                                  build/stm32l0xx_hal_uart_ex.o
HAL_RTCEx_AlarmBEventCallback                     build/stm32l0xx_hal_rtc_ex.o
                                                  build/stm32l0xx_hal_rtc.o
HAL_RTCEx_BKUPRead                                build/stm32l0xx_hal_rtc_ex.o
HAL_RTCEx_BKUPWrite                               build/stm32l0xx_hal_rtc_ex.o
HAL_RTCEx_DeactivateCalibrationOutPut             build/stm32l0xx_hal_rtc_ex.o
HAL_RTCEx_DeactivateRefClock                      build/stm32l0xx_hal_rtc_ex.o
HAL_RTCEx_DeactivateTamper                        build/stm32l0xx_hal_rtc_ex.o
HAL_RTCEx_DeactivateTimeStamp                     build/stm32l0xx_hal_rtc_ex.o
HAL_RTCEx_DeactivateWakeUpTimer                   build/stm32l0xx_hal_rtc_ex.o
HAL_RTCEx_DisableBypassShadow                     build/stm32l0xx_hal_rtc_ex.o
HAL_RTCEx_EnableBypassShadow                      build/stm32l0xx_hal_rtc_ex.o
HAL_RTCEx_GetTimeStamp                            build/stm32l0xx_hal_rtc_ex.o
HAL_RTCEx_GetWakeUpTimer                          build/stm32l0xx_hal_rtc_ex.o
HAL_RTCEx_PollForAlarmBEvent                      build/stm32l0xx_hal_rtc_ex.o
HAL_RTCEx_PollForTamper1Event                     build/stm32l0xx_hal_rtc_ex.o
HAL_RTCEx_PollForTamper2Event                     build/stm32l0xx_hal_rtc_ex.o
HAL_RTCEx_PollForTimeStampEvent                   build/stm32l0xx_hal_rtc_ex.o
HAL_RTCEx_PollForWakeUpTimerEvent                 build/stm32l0xx_hal_rtc_ex.o
HAL_RTCEx_SetCalibrationOutPut                    build/stm32l0xx_hal_rtc_ex.o
HAL_RTCEx_SetRefClock                             build/stm32l0xx_hal_rtc_ex.o
HAL_RTCEx_SetSmoothCalib                          build/stm32l0xx_hal_rtc_ex.o
HAL_RTCEx_SetSynchroShift                         build/stm32l0xx_hal_rtc_ex.o
HAL_RTCEx_SetTamper                               build/stm32l0xx_hal_rtc_ex.o
HAL_RTCEx_SetTamper_IT                            build/stm32l0xx_hal_rtc_ex.o
HAL_RTCEx_SetTimeStamp                            build/stm32l0xx_hal_rtc_ex.o
HAL_RTCEx_SetTimeStamp_IT                         build/stm32l0xx_hal_rtc_ex.o
HAL_RTCEx_SetWakeUpTimer                          build/stm32l0xx_hal_rtc_ex.o
HAL_RTCEx_SetWakeUpTimer_IT                       build/stm32l0xx_hal_rtc_ex.o
HAL_RTCEx_Tamper1EventCallback                    build/stm32l0xx_hal_rtc_ex.o
HAL_RTCEx_Tamper2EventCallback                    build/stm32l0xx_hal_rtc_ex.o
HAL_RTCEx_TamperTimeStampIRQHandler               build/stm32l0xx_hal_rtc_ex.o
HAL_RTCEx_TimeStampEventCallback                  build/stm32l0xx_hal_rtc_ex.o
HAL_RTCEx_WakeUpTimerEventCallback                build/stm32l0xx_hal_rtc_ex.o
HAL_RTCEx_WakeUpTimerIRQHandler                   build/stm32l0xx_hal_rtc_ex.o
HAL_RTC_AlarmAEventCallback                       build/stm32l0xx_hal_rtc.o
HAL_RTC_AlarmIRQHandler                           build/stm32l0xx_hal_rtc.o
HAL_RTC_DeInit                                    build/stm32l0xx_hal_rtc.o
HAL_RTC_DeactivateAlarm                           build/stm32l0xx_hal_rtc.o
HAL_RTC_GetAlarm                                  build/stm32l0xx_hal_rtc.o
HAL_RTC_GetDate                                   build/stm32l0xx_hal_rtc.o
HAL_RTC_GetState                                  build/stm32l0xx_hal_rtc.o
HAL_RTC_GetTime                                   build/stm32l0xx_hal_rtc.o
HAL_RTC_Init                                      build/stm32l0xx_hal_rtc.o
                                                  build/rtc.o
HAL_RTC_MspDeInit                                 build/rtc.o
HAL_RTC_MspInit                                   build/rtc.o
HAL_RTC_PollForAlarmAEvent                        build/stm32l0xx_hal_rtc.o
HAL_RTC_SetAlarm                                  build/stm32l0xx_hal_rtc.o
HAL_RTC_SetAlarm_IT                               build/stm32l0xx_hal_rtc.o
HAL_RTC_SetDate                                   build/stm32l0xx_hal_rtc.o
                                                  build/rtc.o
HAL_RTC_SetTime                                   build/stm32l0xx_hal_rtc.o
                                                  build/rtc.o
HAL_RTC_WaitForSynchro                            build/stm32l0xx_hal_rtc.o
                                                  build/stm32l0xx_hal_rtc_ex.o
HAL_ResumeTick                                    build/stm32l0xx_hal.o
HAL_SPI_DMAPause                                  build/stm32l0xx_hal_spi.o
HAL_SPI_DMAResume                                 build/stm32l0xx_hal_spi.o
HAL_SPI_DMAStop                                   build/stm32l0xx_hal_spi.o
HAL_SPI_DeInit                                    build/stm32l0xx_hal_spi.o
HAL_SPI_ErrorCallback                             build/stm32l0xx_hal_spi.o
HAL_SPI_GetError                                  build/stm32l0xx_hal_spi.o
HAL_SPI_GetState                                  build/stm32l0xx_hal_spi.o
HAL_SPI_IRQHandler                                build/stm32l0xx_hal_spi.o
HAL_SPI_Init                                      build/stm32l0xx_hal_spi.o
                                                  build/spi.o
HAL_SPI_MspDeInit                                 build/spi.o
HAL_SPI_MspInit                                   build/spi.o
HAL_SPI_Receive                                   build/stm32l0xx_hal_spi.o
HAL_SPI_Receive_DMA                               build/stm32l0xx_hal_spi.o
HAL_SPI_Receive_IT                                build/stm32l0xx_hal_spi.o
HAL_SPI_RxCpltCallback                            build/stm32l0xx_hal_spi.o
HAL_SPI_RxHalfCpltCallback                        build/stm32l0xx_hal_spi.o
HAL_SPI_Transmit                                  build/stm32l0xx_hal_spi.o
HAL_SPI_TransmitReceive                           build/stm32l0xx_hal_spi.o
HAL_SPI_TransmitReceive_DMA                       build/stm32l0xx_hal_spi.o
HAL_SPI_TransmitReceive_IT                        build/stm32l0xx_hal_spi.o
HAL_SPI_Transmit_DMA                              build/stm32l0xx_hal_spi.o
HAL_SPI_Transmit_IT                               build/stm32l0xx_hal_spi.o
HAL_SPI_TxCpltCallback                            build/stm32l0xx_hal_spi.o
HAL_SPI_TxHalfCpltCallback                        build/stm32l0xx_hal_spi.o
HAL_SPI_TxRxCpltCallback                          build/stm32l0xx_hal_spi.o
HAL_SPI_TxRxHalfCpltCallback                      build/stm32l0xx_hal_spi.o
HAL_SYSCFG_Disable_Lock_VREFINT                   build/stm32l0xx_hal.o
HAL_SYSCFG_Enable_Lock_VREFINT                    build/stm32l0xx_hal.o
HAL_SYSCFG_GetBootMode                            build/stm32l0xx_hal.o
HAL_SYSCFG_VREFINT_OutputSelect                   build/stm32l0xx_hal.o
HAL_SYSTICK_CLKSourceConfig                       build/stm32l0xx_hal_cortex.o
                                                  build/main.o
HAL_SYSTICK_Callback                              build/stm32l0xx_hal_cortex.o
HAL_SYSTICK_Config                                build/stm32l0xx_hal_cortex.o
                                                  build/stm32l0xx_hal.o
                                                  build/main.o
HAL_SYSTICK_IRQHandler                            build/stm32l0xx_hal_cortex.o
                                                  build/stm32l0xx_it.o
HAL_SuspendTick                                   build/stm32l0xx_hal.o
HAL_TIMEx_MasterConfigSynchronization             build/stm32l0xx_hal_tim_ex.o
                                                  build/tim.o
HAL_TIMEx_RemapConfig                             build/stm32l0xx_hal_tim_ex.o
HAL_TIM_Base_DeInit                               build/stm32l0xx_hal_tim.o
HAL_TIM_Base_GetState                             build/stm32l0xx_hal_tim.o
HAL_TIM_Base_Init                                 build/stm32l0xx_hal_tim.o
                                                  build/tim.o
HAL_TIM_Base_MspDeInit                            build/tim.o
HAL_TIM_Base_MspInit                              build/tim.o
HAL_TIM_Base_Start                                build/stm32l0xx_hal_tim.o
HAL_TIM_Base_Start_DMA                            build/stm32l0xx_hal_tim.o
HAL_TIM_Base_Start_IT                             build/stm32l0xx_hal_tim.o
HAL_TIM_Base_Stop                                 build/stm32l0xx_hal_tim.o
HAL_TIM_Base_Stop_DMA                             build/stm32l0xx_hal_tim.o
HAL_TIM_Base_Stop_IT                              build/stm32l0xx_hal_tim.o
HAL_TIM_ConfigClockSource                         build/stm32l0xx_hal_tim.o
                                                  build/tim.o
HAL_TIM_ConfigOCrefClear                          build/stm32l0xx_hal_tim.o
HAL_TIM_ConfigTI1Input                            build/stm32l0xx_hal_tim.o
HAL_TIM_DMABurst_ReadStart                        build/stm32l0xx_hal_tim.o
HAL_TIM_DMABurst_ReadStop                         build/stm32l0xx_hal_tim.o
HAL_TIM_DMABurst_WriteStart                       build/stm32l0xx_hal_tim.o
HAL_TIM_DMABurst_WriteStop                        build/stm32l0xx_hal_tim.o
HAL_TIM_Encoder_DeInit                            build/stm32l0xx_hal_tim.o
HAL_TIM_Encoder_GetState                          build/stm32l0xx_hal_tim.o
HAL_TIM_Encoder_Init                              build/stm32l0xx_hal_tim.o
HAL_TIM_Encoder_MspDeInit                         build/stm32l0xx_hal_tim.o
HAL_TIM_Encoder_MspInit                           build/stm32l0xx_hal_tim.o
HAL_TIM_Encoder_Start                             build/stm32l0xx_hal_tim.o
HAL_TIM_Encoder_Start_DMA                         build/stm32l0xx_hal_tim.o
HAL_TIM_Encoder_Start_IT                          build/stm32l0xx_hal_tim.o
HAL_TIM_Encoder_Stop                              build/stm32l0xx_hal_tim.o
HAL_TIM_Encoder_Stop_DMA                          build/stm32l0xx_hal_tim.o
HAL_TIM_Encoder_Stop_IT                           build/stm32l0xx_hal_tim.o
HAL_TIM_ErrorCallback                             build/stm32l0xx_hal_tim.o
HAL_TIM_GenerateEvent                             build/stm32l0xx_hal_tim.o
HAL_TIM_IC_CaptureCallback                        build/stm32l0xx_hal_tim.o
HAL_TIM_IC_ConfigChannel                          build/stm32l0xx_hal_tim.o
HAL_TIM_IC_DeInit                                 build/stm32l0xx_hal_tim.o
HAL_TIM_IC_GetState                               build/stm32l0xx_hal_tim.o
HAL_TIM_IC_Init                                   build/stm32l0xx_hal_tim.o
HAL_TIM_IC_MspDeInit                              build/stm32l0xx_hal_tim.o
HAL_TIM_IC_MspInit                                build/stm32l0xx_hal_tim.o
HAL_TIM_IC_Start                                  build/stm32l0xx_hal_tim.o
HAL_TIM_IC_Start_DMA                              build/stm32l0xx_hal_tim.o
HAL_TIM_IC_Start_IT                               build/stm32l0xx_hal_tim.o
HAL_TIM_IC_Stop                                   build/stm32l0xx_hal_tim.o
HAL_TIM_IC_Stop_DMA                               build/stm32l0xx_hal_tim.o
HAL_TIM_IC_Stop_IT                                build/stm32l0xx_hal_tim.o
HAL_TIM_IRQHandler                                build/stm32l0xx_hal_tim.o
HAL_TIM_MspPostInit                               build/tim.o
HAL_TIM_OC_ConfigChannel                          build/stm32l0xx_hal_tim.o
HAL_TIM_OC_DeInit                                 build/stm32l0xx_hal_tim.o
HAL_TIM_OC_DelayElapsedCallback                   build/stm32l0xx_hal_tim.o
HAL_TIM_OC_GetState                               build/stm32l0xx_hal_tim.o
HAL_TIM_OC_Init                                   build/stm32l0xx_hal_tim.o
HAL_TIM_OC_MspDeInit                              build/stm32l0xx_hal_tim.o
HAL_TIM_OC_MspInit                                build/stm32l0xx_hal_tim.o
HAL_TIM_OC_Start                                  build/stm32l0xx_hal_tim.o
HAL_TIM_OC_Start_DMA                              build/stm32l0xx_hal_tim.o
HAL_TIM_OC_Start_IT                               build/stm32l0xx_hal_tim.o
HAL_TIM_OC_Stop                                   build/stm32l0xx_hal_tim.o
HAL_TIM_OC_Stop_DMA                               build/stm32l0xx_hal_tim.o
HAL_TIM_OC_Stop_IT                                build/stm32l0xx_hal_tim.o
HAL_TIM_OnePulse_ConfigChannel                    build/stm32l0xx_hal_tim.o
HAL_TIM_OnePulse_DeInit                           build/stm32l0xx_hal_tim.o
HAL_TIM_OnePulse_GetState                         build/stm32l0xx_hal_tim.o
HAL_TIM_OnePulse_Init                             build/stm32l0xx_hal_tim.o
HAL_TIM_OnePulse_MspDeInit                        build/stm32l0xx_hal_tim.o
HAL_TIM_OnePulse_MspInit                          build/stm32l0xx_hal_tim.o
HAL_TIM_OnePulse_Start                            build/stm32l0xx_hal_tim.o
HAL_TIM_OnePulse_Start_IT                         build/stm32l0xx_hal_tim.o
HAL_TIM_OnePulse_Stop                             build/stm32l0xx_hal_tim.o
HAL_TIM_OnePulse_Stop_IT                          build/stm32l0xx_hal_tim.o
HAL_TIM_PWM_ConfigChannel                         build/stm32l0xx_hal_tim.o
                                                  build/tim.o
HAL_TIM_PWM_DeInit                                build/stm32l0xx_hal_tim.o
HAL_TIM_PWM_GetState                              build/stm32l0xx_hal_tim.o
HAL_TIM_PWM_Init                                  build/stm32l0xx_hal_tim.o
                                                  build/tim.o
HAL_TIM_PWM_MspDeInit                             build/stm32l0xx_hal_tim.o
HAL_TIM_PWM_MspInit                               build/stm32l0xx_hal_tim.o
HAL_TIM_PWM_PulseFinishedCallback                 build/stm32l0xx_hal_tim.o
HAL_TIM_PWM_Start                                 build/stm32l0xx_hal_tim.o
HAL_TIM_PWM_Start_DMA                             build/stm32l0xx_hal_tim.o
HAL_TIM_PWM_Start_IT                              build/stm32l0xx_hal_tim.o
HAL_TIM_PWM_Stop                                  build/stm32l0xx_hal_tim.o
HAL_TIM_PWM_Stop_DMA                              build/stm32l0xx_hal_tim.o
HAL_TIM_PWM_Stop_IT                               build/stm32l0xx_hal_tim.o
HAL_TIM_PeriodElapsedCallback                     build/stm32l0xx_hal_tim.o
HAL_TIM_ReadCapturedValue                         build/stm32l0xx_hal_tim.o
HAL_TIM_SlaveConfigSynchronization                build/stm32l0xx_hal_tim.o
HAL_TIM_SlaveConfigSynchronization_IT             build/stm32l0xx_hal_tim.o
HAL_TIM_TriggerCallback                           build/stm32l0xx_hal_tim.o
HAL_UARTEx_DisableClockStopMode                   build/stm32l0xx_hal_uart_ex.o
HAL_UARTEx_DisableStopMode                        build/stm32l0xx_hal_uart_ex.o
HAL_UARTEx_EnableClockStopMode                    build/stm32l0xx_hal_uart_ex.o
HAL_UARTEx_EnableStopMode                         build/stm32l0xx_hal_uart_ex.o
HAL_UARTEx_StopModeWakeUpSourceConfig             build/stm32l0xx_hal_uart_ex.o
HAL_UARTEx_WakeupCallback                         build/stm32l0xx_hal_uart_ex.o
                                                  build/stm32l0xx_hal_uart.o
HAL_UART_Abort                                    build/stm32l0xx_hal_uart.o
HAL_UART_AbortCpltCallback                        build/stm32l0xx_hal_uart.o
HAL_UART_AbortReceive                             build/stm32l0xx_hal_uart.o
HAL_UART_AbortReceiveCpltCallback                 build/stm32l0xx_hal_uart.o
HAL_UART_AbortReceive_IT                          build/stm32l0xx_hal_uart.o
HAL_UART_AbortTransmit                            build/stm32l0xx_hal_uart.o
HAL_UART_AbortTransmitCpltCallback                build/stm32l0xx_hal_uart.o
HAL_UART_AbortTransmit_IT                         build/stm32l0xx_hal_uart.o
HAL_UART_Abort_IT                                 build/stm32l0xx_hal_uart.o
HAL_UART_DMAPause                                 build/stm32l0xx_hal_uart.o
HAL_UART_DMAResume                                build/stm32l0xx_hal_uart.o
HAL_UART_DMAStop                                  build/stm32l0xx_hal_uart.o
HAL_UART_DeInit                                   build/stm32l0xx_hal_uart.o
HAL_UART_ErrorCallback                            build/stm32l0xx_hal_uart.o
HAL_UART_GetError                                 build/stm32l0xx_hal_uart.o
HAL_UART_GetState                                 build/stm32l0xx_hal_uart.o
HAL_UART_IRQHandler                               build/stm32l0xx_hal_uart.o
HAL_UART_Init                                     build/stm32l0xx_hal_uart.o
                                                  build/usart.o
HAL_UART_MspDeInit                                build/usart.o
HAL_UART_MspInit                                  build/usart.o
                                                  build/stm32l0xx_hal_uart_ex.o
HAL_UART_Receive                                  build/stm32l0xx_hal_uart.o
HAL_UART_Receive_DMA                              build/stm32l0xx_hal_uart.o
HAL_UART_Receive_IT                               build/stm32l0xx_hal_uart.o
HAL_UART_RxCpltCallback                           build/stm32l0xx_hal_uart.o
HAL_UART_RxHalfCpltCallback                       build/stm32l0xx_hal_uart.o
HAL_UART_Transmit                                 build/stm32l0xx_hal_uart.o
HAL_UART_Transmit_DMA                             build/stm32l0xx_hal_uart.o
HAL_UART_Transmit_IT                              build/stm32l0xx_hal_uart.o
HAL_UART_TxCpltCallback                           build/stm32l0xx_hal_uart.o
HAL_UART_TxHalfCpltCallback                       build/stm32l0xx_hal_uart.o
HardFault_Handler                                 build/stm32l0xx_it.o
I2C1_IRQHandler                                   build/startup_stm32l051xx.o
I2C2_IRQHandler                                   build/startup_stm32l051xx.o
LPTIM1_IRQHandler                                 build/startup_stm32l051xx.o
LPUART1_IRQHandler                                build/startup_stm32l051xx.o
MX_GPIO_Init                                      build/gpio.o
                                                  build/main.o
MX_I2C2_Init                                      build/i2c.o
                                                  build/main.o
MX_RTC_Init                                       build/rtc.o
                                                  build/main.o
MX_SPI1_Init                                      build/spi.o
                                                  build/main.o
MX_SPI2_Init                                      build/spi.o
                                                  build/main.o
MX_TIM21_Init                                     build/tim.o
                                                  build/main.o
MX_TIM22_Init                                     build/tim.o
                                                  build/main.o
MX_TIM2_Init                                      build/tim.o
                                                  build/main.o
MX_TIM6_Init                                      build/tim.o
                                                  build/main.o
MX_USART1_UART_Init                               build/usart.o
                                                  build/main.o
MX_USART2_UART_Init                               build/usart.o
                                                  build/main.o
NMI_Handler                                       build/stm32l0xx_it.o
PLLMulTable                                       build/system_stm32l0xx.o
                                                  build/stm32l0xx_hal_rcc.o
PVD_IRQHandler                                    build/startup_stm32l051xx.o
PendSV_Handler                                    build/stm32l0xx_it.o
RCC_IRQHandler                                    build/startup_stm32l051xx.o
RTC_Bcd2ToByte                                    build/stm32l0xx_hal_rtc.o
                                                  build/stm32l0xx_hal_rtc_ex.o
RTC_ByteToBcd2                                    build/stm32l0xx_hal_rtc.o
RTC_EnterInitMode                                 build/stm32l0xx_hal_rtc.o
                                                  build/stm32l0xx_hal_rtc_ex.o
RTC_IRQHandler                                    build/startup_stm32l051xx.o
Reset_Handler                                     build/startup_stm32l051xx.o
SPI1_IRQHandler                                   build/startup_stm32l051xx.o
SPI2_IRQHandler                                   build/startup_stm32l051xx.o
SVC_Handler                                       build/stm32l0xx_it.o
SysTick_Handler                                   build/stm32l0xx_it.o
SystemClock_Config                                build/main.o
SystemCoreClock                                   build/system_stm32l0xx.o
                                                  build/stm32l0xx_hal_pwr_ex.o
                                                  build/stm32l0xx_hal_rcc.o
                                                  build/stm32l0xx_hal.o
SystemCoreClockUpdate                             build/system_stm32l0xx.o
SystemInit                                        build/system_stm32l0xx.o
                                                  build/startup_stm32l051xx.o
TIM21_IRQHandler                                  build/startup_stm32l051xx.o
TIM22_IRQHandler                                  build/startup_stm32l051xx.o
TIM2_IRQHandler                                   build/startup_stm32l051xx.o
TIM6_IRQHandler                                   build/startup_stm32l051xx.o
TIM_DMACaptureCplt                                build/stm32l0xx_hal_tim.o
TIM_DMADelayPulseCplt                             build/stm32l0xx_hal_tim.o